Archive member included to satisfy reference by file (symbol)

c:/st/stm32cubeide_1.5.1/stm32cubeide/plugins/com.st.stm32cube.ide.mcu.externaltools.gnu-tools-for-stm32.9-2020-q2-update.win32_1.5.0.202011040924/tools/bin/../lib/gcc/arm-none-eabi/9.3.1/../../../../arm-none-eabi/lib/thumb/v7e-m+fp/hard\libc_nano.a(lib_a-atoi.o)
                              Core/Src/main.o (atoi)
c:/st/stm32cubeide_1.5.1/stm32cubeide/plugins/com.st.stm32cube.ide.mcu.externaltools.gnu-tools-for-stm32.9-2020-q2-update.win32_1.5.0.202011040924/tools/bin/../lib/gcc/arm-none-eabi/9.3.1/../../../../arm-none-eabi/lib/thumb/v7e-m+fp/hard\libc_nano.a(lib_a-errno.o)
                              Core/Src/syscalls.o (__errno)
c:/st/stm32cubeide_1.5.1/stm32cubeide/plugins/com.st.stm32cube.ide.mcu.externaltools.gnu-tools-for-stm32.9-2020-q2-update.win32_1.5.0.202011040924/tools/bin/../lib/gcc/arm-none-eabi/9.3.1/../../../../arm-none-eabi/lib/thumb/v7e-m+fp/hard\libc_nano.a(lib_a-exit.o)
                              c:/st/stm32cubeide_1.5.1/stm32cubeide/plugins/com.st.stm32cube.ide.mcu.externaltools.gnu-tools-for-stm32.9-2020-q2-update.win32_1.5.0.202011040924/tools/bin/../lib/gcc/arm-none-eabi/9.3.1/../../../../arm-none-eabi/lib/thumb/v7e-m+fp/hard/crt0.o (exit)
c:/st/stm32cubeide_1.5.1/stm32cubeide/plugins/com.st.stm32cube.ide.mcu.externaltools.gnu-tools-for-stm32.9-2020-q2-update.win32_1.5.0.202011040924/tools/bin/../lib/gcc/arm-none-eabi/9.3.1/../../../../arm-none-eabi/lib/thumb/v7e-m+fp/hard\libc_nano.a(lib_a-impure.o)
                              c:/st/stm32cubeide_1.5.1/stm32cubeide/plugins/com.st.stm32cube.ide.mcu.externaltools.gnu-tools-for-stm32.9-2020-q2-update.win32_1.5.0.202011040924/tools/bin/../lib/gcc/arm-none-eabi/9.3.1/../../../../arm-none-eabi/lib/thumb/v7e-m+fp/hard\libc_nano.a(lib_a-exit.o) (_global_impure_ptr)
c:/st/stm32cubeide_1.5.1/stm32cubeide/plugins/com.st.stm32cube.ide.mcu.externaltools.gnu-tools-for-stm32.9-2020-q2-update.win32_1.5.0.202011040924/tools/bin/../lib/gcc/arm-none-eabi/9.3.1/../../../../arm-none-eabi/lib/thumb/v7e-m+fp/hard\libc_nano.a(lib_a-init.o)
                              c:/st/stm32cubeide_1.5.1/stm32cubeide/plugins/com.st.stm32cube.ide.mcu.externaltools.gnu-tools-for-stm32.9-2020-q2-update.win32_1.5.0.202011040924/tools/bin/../lib/gcc/arm-none-eabi/9.3.1/../../../../arm-none-eabi/lib/thumb/v7e-m+fp/hard/crt0.o (__libc_init_array)
c:/st/stm32cubeide_1.5.1/stm32cubeide/plugins/com.st.stm32cube.ide.mcu.externaltools.gnu-tools-for-stm32.9-2020-q2-update.win32_1.5.0.202011040924/tools/bin/../lib/gcc/arm-none-eabi/9.3.1/../../../../arm-none-eabi/lib/thumb/v7e-m+fp/hard\libc_nano.a(lib_a-memset.o)
                              c:/st/stm32cubeide_1.5.1/stm32cubeide/plugins/com.st.stm32cube.ide.mcu.externaltools.gnu-tools-for-stm32.9-2020-q2-update.win32_1.5.0.202011040924/tools/bin/../lib/gcc/arm-none-eabi/9.3.1/../../../../arm-none-eabi/lib/thumb/v7e-m+fp/hard/crt0.o (memset)
c:/st/stm32cubeide_1.5.1/stm32cubeide/plugins/com.st.stm32cube.ide.mcu.externaltools.gnu-tools-for-stm32.9-2020-q2-update.win32_1.5.0.202011040924/tools/bin/../lib/gcc/arm-none-eabi/9.3.1/../../../../arm-none-eabi/lib/thumb/v7e-m+fp/hard\libc_nano.a(lib_a-sprintf.o)
                              Core/Src/main.o (sprintf)
c:/st/stm32cubeide_1.5.1/stm32cubeide/plugins/com.st.stm32cube.ide.mcu.externaltools.gnu-tools-for-stm32.9-2020-q2-update.win32_1.5.0.202011040924/tools/bin/../lib/gcc/arm-none-eabi/9.3.1/../../../../arm-none-eabi/lib/thumb/v7e-m+fp/hard\libc_nano.a(lib_a-strcat.o)
                              Core/Src/mylibrary.o (strcat)
c:/st/stm32cubeide_1.5.1/stm32cubeide/plugins/com.st.stm32cube.ide.mcu.externaltools.gnu-tools-for-stm32.9-2020-q2-update.win32_1.5.0.202011040924/tools/bin/../lib/gcc/arm-none-eabi/9.3.1/../../../../arm-none-eabi/lib/thumb/v7e-m+fp/hard\libc_nano.a(lib_a-strcmp.o)
                              Core/Src/main.o (strcmp)
c:/st/stm32cubeide_1.5.1/stm32cubeide/plugins/com.st.stm32cube.ide.mcu.externaltools.gnu-tools-for-stm32.9-2020-q2-update.win32_1.5.0.202011040924/tools/bin/../lib/gcc/arm-none-eabi/9.3.1/../../../../arm-none-eabi/lib/thumb/v7e-m+fp/hard\libc_nano.a(lib_a-strlen.o)
                              Core/Src/mylibrary.o (strlen)
c:/st/stm32cubeide_1.5.1/stm32cubeide/plugins/com.st.stm32cube.ide.mcu.externaltools.gnu-tools-for-stm32.9-2020-q2-update.win32_1.5.0.202011040924/tools/bin/../lib/gcc/arm-none-eabi/9.3.1/../../../../arm-none-eabi/lib/thumb/v7e-m+fp/hard\libc_nano.a(lib_a-strncpy.o)
                              Core/Src/main.o (strncpy)
c:/st/stm32cubeide_1.5.1/stm32cubeide/plugins/com.st.stm32cube.ide.mcu.externaltools.gnu-tools-for-stm32.9-2020-q2-update.win32_1.5.0.202011040924/tools/bin/../lib/gcc/arm-none-eabi/9.3.1/../../../../arm-none-eabi/lib/thumb/v7e-m+fp/hard\libc_nano.a(lib_a-strstr.o)
                              Core/Src/mylibrary.o (strstr)
[...]
Memory Configuration

Name             Origin             Length             Attributes
CCMRAM           0x0000000010000000 0x0000000000010000 xrw
RAM              0x0000000020000000 0x0000000000030000 xrw
FLASH            0x0000000008000000 0x0000000000200000 xr
*default*        0x0000000000000000 0xffffffffffffffff

Linker script and memory map

LOAD c:/st/stm32cubeide_1.5.1/stm32cubeide/plugins/com.st.stm32cube.ide.mcu.externaltools.gnu-tools-for-stm32.9-2020-q2-update.win32_1.5.0.202011040924/tools/bin/../lib/gcc/arm-none-eabi/9.3.1/thumb/v7e-m+fp/hard/crti.o
LOAD c:/st/stm32cubeide_1.5.1/stm32cubeide/plugins/com.st.stm32cube.ide.mcu.externaltools.gnu-tools-for-stm32.9-2020-q2-update.win32_1.5.0.202011040924/tools/bin/../lib/gcc/arm-none-eabi/9.3.1/thumb/v7e-m+fp/hard/crtbegin.o
LOAD c:/st/stm32cubeide_1.5.1/stm32cubeide/plugins/com.st.stm32cube.ide.mcu.externaltools.gnu-tools-for-stm32.9-2020-q2-update.win32_1.5.0.202011040924/tools/bin/../lib/gcc/arm-none-eabi/9.3.1/../../../../arm-none-eabi/lib/thumb/v7e-m+fp/hard/crt0.o
LOAD Core/Src/gpio.o
LOAD Core/Src/graphic.o
LOAD Core/Src/lcd.o
LOAD Core/Src/ltdc.o
LOAD Core/Src/main.o
LOAD Core/Src/mylibrary.o
LOAD Core/Src/screens.o
LOAD Core/Src/spi.o
LOAD Core/Src/stm32f4xx_hal_msp.o
LOAD Core/Src/stm32f4xx_it.o
LOAD Core/Src/syscalls.o
LOAD Core/Src/sysmem.o
LOAD Core/Src/system_stm32f4xx.o
LOAD Core/Startup/startup_stm32f429zitx.o
LOAD Drivers/STM32F4xx_HAL_Driver/Src/stm32f4xx_hal.o
LOAD Drivers/STM32F4xx_HAL_Driver/Src/stm32f4xx_hal_cortex.o
LOAD Drivers/STM32F4xx_HAL_Driver/Src/stm32f4xx_hal_dma.o
LOAD Drivers/STM32F4xx_HAL_Driver/Src/stm32f4xx_hal_dma_ex.o
LOAD Drivers/STM32F4xx_HAL_Driver/Src/stm32f4xx_hal_dsi.o
LOAD Drivers/STM32F4xx_HAL_Driver/Src/stm32f4xx_hal_exti.o
LOAD Drivers/STM32F4xx_HAL_Driver/Src/stm32f4xx_hal_flash.o
LOAD Drivers/STM32F4xx_HAL_Driver/Src/stm32f4xx_hal_flash_ex.o
LOAD Drivers/STM32F4xx_HAL_Driver/Src/stm32f4xx_hal_flash_ramfunc.o
LOAD Drivers/STM32F4xx_HAL_Driver/Src/stm32f4xx_hal_gpio.o
LOAD Drivers/STM32F4xx_HAL_Driver/Src/stm32f4xx_hal_ltdc.o
LOAD Drivers/STM32F4xx_HAL_Driver/Src/stm32f4xx_hal_ltdc_ex.o
LOAD Drivers/STM32F4xx_HAL_Driver/Src/stm32f4xx_hal_pwr.o
LOAD Drivers/STM32F4xx_HAL_Driver/Src/stm32f4xx_hal_pwr_ex.o
LOAD Drivers/STM32F4xx_HAL_Driver/Src/stm32f4xx_hal_rcc.o
LOAD Drivers/STM32F4xx_HAL_Driver/Src/stm32f4xx_hal_rcc_ex.o
LOAD Drivers/STM32F4xx_HAL_Driver/Src/stm32f4xx_hal_rtc.o
LOAD Drivers/STM32F4xx_HAL_Driver/Src/stm32f4xx_hal_rtc_ex.o
LOAD Drivers/STM32F4xx_HAL_Driver/Src/stm32f4xx_hal_spi.o
LOAD Drivers/STM32F4xx_HAL_Driver/Src/stm32f4xx_hal_tim.o
LOAD Drivers/STM32F4xx_HAL_Driver/Src/stm32f4xx_hal_tim_ex.o
LOAD Drivers/STM32F4xx_HAL_Driver/Src/stm32f4xx_hal_uart.o
START GROUP
LOAD c:/st/stm32cubeide_1.5.1/stm32cubeide/plugins/com.st.stm32cube.ide.mcu.externaltools.gnu-tools-for-stm32.9-2020-q2-update.win32_1.5.0.202011040924/tools/bin/../lib/gcc/arm-none-eabi/9.3.1/../../../../arm-none-eabi/lib/thumb/v7e-m+fp/hard\libc_nano.a
LOAD c:/st/stm32cubeide_1.5.1/stm32cubeide/plugins/com.st.stm32cube.ide.mcu.externaltools.gnu-tools-for-stm32.9-2020-q2-update.win32_1.5.0.202011040924/tools/bin/../lib/gcc/arm-none-eabi/9.3.1/../../../../arm-none-eabi/lib/thumb/v7e-m+fp/hard\libm.a
END GROUP
START GROUP
LOAD c:/st/stm32cubeide_1.5.1/stm32cubeide/plugins/com.st.stm32cube.ide.mcu.externaltools.gnu-tools-for-stm32.9-2020-q2-update.win32_1.5.0.202011040924/tools/bin/../lib/gcc/arm-none-eabi/9.3.1/thumb/v7e-m+fp/hard\libgcc.a
LOAD c:/st/stm32cubeide_1.5.1/stm32cubeide/plugins/com.st.stm32cube.ide.mcu.externaltools.gnu-tools-for-stm32.9-2020-q2-update.win32_1.5.0.202011040924/tools/bin/../lib/gcc/arm-none-eabi/9.3.1/../../../../arm-none-eabi/lib/thumb/v7e-m+fp/hard\libc_nano.a
END GROUP
START GROUP
LOAD c:/st/stm32cubeide_1.5.1/stm32cubeide/plugins/com.st.stm32cube.ide.mcu.externaltools.gnu-tools-for-stm32.9-2020-q2-update.win32_1.5.0.202011040924/tools/bin/../lib/gcc/arm-none-eabi/9.3.1/thumb/v7e-m+fp/hard\libgcc.a
LOAD c:/st/stm32cubeide_1.5.1/stm32cubeide/plugins/com.st.stm32cube.ide.mcu.externaltools.gnu-tools-for-stm32.9-2020-q2-update.win32_1.5.0.202011040924/tools/bin/../lib/gcc/arm-none-eabi/9.3.1/../../../../arm-none-eabi/lib/thumb/v7e-m+fp/hard\libc_nano.a
LOAD c:/st/stm32cubeide_1.5.1/stm32cubeide/plugins/com.st.stm32cube.ide.mcu.externaltools.gnu-tools-for-stm32.9-2020-q2-update.win32_1.5.0.202011040924/tools/bin/../lib/gcc/arm-none-eabi/9.3.1/../../../../arm-none-eabi/lib/thumb/v7e-m+fp/hard\libnosys.a
END GROUP
START GROUP
LOAD c:/st/stm32cubeide_1.5.1/stm32cubeide/plugins/com.st.stm32cube.ide.mcu.externaltools.gnu-tools-for-stm32.9-2020-q2-update.win32_1.5.0.202011040924/tools/bin/../lib/gcc/arm-none-eabi/9.3.1/thumb/v7e-m+fp/hard\libgcc.a
LOAD c:/st/stm32cubeide_1.5.1/stm32cubeide/plugins/com.st.stm32cube.ide.mcu.externaltools.gnu-tools-for-stm32.9-2020-q2-update.win32_1.5.0.202011040924/tools/bin/../lib/gcc/arm-none-eabi/9.3.1/../../../../arm-none-eabi/lib/thumb/v7e-m+fp/hard\libc_nano.a
LOAD c:/st/stm32cubeide_1.5.1/stm32cubeide/plugins/com.st.stm32cube.ide.mcu.externaltools.gnu-tools-for-stm32.9-2020-q2-update.win32_1.5.0.202011040924/tools/bin/../lib/gcc/arm-none-eabi/9.3.1/../../../../arm-none-eabi/lib/thumb/v7e-m+fp/hard\libnosys.a
END GROUP
LOAD c:/st/stm32cubeide_1.5.1/stm32cubeide/plugins/com.st.stm32cube.ide.mcu.externaltools.gnu-tools-for-stm32.9-2020-q2-update.win32_1.5.0.202011040924/tools/bin/../lib/gcc/arm-none-eabi/9.3.1/thumb/v7e-m+fp/hard/crtend.o
LOAD c:/st/stm32cubeide_1.5.1/stm32cubeide/plugins/com.st.stm32cube.ide.mcu.externaltools.gnu-tools-for-stm32.9-2020-q2-update.win32_1.5.0.202011040924/tools/bin/../lib/gcc/arm-none-eabi/9.3.1/thumb/v7e-m+fp/hard/crtn.o
                0x0000000020030000                _estack = (ORIGIN (RAM) + LENGTH (RAM))
                0x0000000000000200                _Min_Heap_Size = 0x200
                0x0000000000000400                _Min_Stack_Size = 0x400

.isr_vector     0x0000000008000000      0x1ac
                0x0000000008000000                . = ALIGN (0x4)
 *(.isr_vector)
 .isr_vector    0x0000000008000000      0x1ac Core/Startup/startup_stm32f429zitx.o
                0x0000000008000000                g_pfnVectors
                0x00000000080001ac                . = ALIGN (0x4)

.text           0x00000000080001ac     0x6b6c
                0x00000000080001ac                . = ALIGN (0x4)
 *(.text)
 .text          0x00000000080001ac       0x40 c:/st/stm32cubeide_1.5.1/stm32cubeide/plugins/com.st.stm32cube.ide.mcu.externaltools.gnu-tools-for-stm32.9-2020-q2-update.win32_1.5.0.202011040924/tools/bin/../lib/gcc/arm-none-eabi/9.3.1/thumb/v7e-m+fp/hard/crtbegin.o
 .text          0x00000000080001ec       0x10 c:/st/stm32cubeide_1.5.1/stm32cubeide/plugins/com.st.stm32cube.ide.mcu.externaltools.gnu-tools-for-stm32.9-2020-q2-update.win32_1.5.0.202011040924/tools/bin/../lib/gcc/arm-none-eabi/9.3.1/../../../../arm-none-eabi/lib/thumb/v7e-m+fp/hard\libc_nano.a(lib_a-strlen.o)
                0x00000000080001ec                strlen
 .text          0x00000000080001fc       0x30 c:/st/stm32cubeide_1.5.1/stm32cubeide/plugins/com.st.stm32cube.ide.mcu.externaltools.gnu-tools-for-stm32.9-2020-q2-update.win32_1.5.0.202011040924/tools/bin/../lib/gcc/arm-none-eabi/9.3.1/thumb/v7e-m+fp/hard\libgcc.a(_aeabi_uldivmod.o)
                0x00000000080001fc                __aeabi_uldivmod
 .text          0x000000000800022c      0x2c4 c:/st/stm32cubeide_1.5.1/stm32cubeide/plugins/com.st.stm32cube.ide.mcu.externaltools.gnu-tools-for-stm32.9-2020-q2-update.win32_1.5.0.202011040924/tools/bin/../lib/gcc/arm-none-eabi/9.3.1/thumb/v7e-m+fp/hard\libgcc.a(_udivmoddi4.o)
                0x000000000800022c                __udivmoddi4
 .text          0x00000000080004f0        0x4 c:/st/stm32cubeide_1.5.1/stm32cubeide/plugins/com.st.stm32cube.ide.mcu.externaltools.gnu-tools-for-stm32.9-2020-q2-update.win32_1.5.0.202011040924/tools/bin/../lib/gcc/arm-none-eabi/9.3.1/thumb/v7e-m+fp/hard\libgcc.a(_dvmd_tls.o)
                0x00000000080004f0                __aeabi_idiv0
                0x00000000080004f0                __aeabi_ldiv0
 *(.text*)
 .text.LCD_DrawABig
                0x00000000080004f4       0x94 Core/Src/graphic.o
                0x00000000080004f4                LCD_DrawABig
 .text.LCD_DrawBBig
                0x0000000008000588       0xc8 Core/Src/graphic.o
                0x0000000008000588                LCD_DrawBBig
 .text.LCD_DrawCBig
                0x0000000008000650       0x88 Core/Src/graphic.o
                0x0000000008000650                LCD_DrawCBig
 .text.LCD_DrawDBig
                0x00000000080006d8       0xa4 Core/Src/graphic.o
                0x00000000080006d8                LCD_DrawDBig
 .text.LCD_DrawEBig
                0x000000000800077c       0xa0 Core/Src/graphic.o
                0x000000000800077c                LCD_DrawEBig
 .text.LCD_DrawFBig
                0x000000000800081c       0x94 Core/Src/graphic.o
                0x000000000800081c                LCD_DrawFBig
 .text.LCD_DrawGBig
                0x00000000080008b0       0xa4 Core/Src/graphic.o
                0x00000000080008b0                LCD_DrawGBig
 .text.LCD_DrawHBig
                0x0000000008000954       0x98 Core/Src/graphic.o
                0x0000000008000954                LCD_DrawHBig
 .text.LCD_DrawIBig
                0x00000000080009ec       0x8c Core/Src/graphic.o
                0x00000000080009ec                LCD_DrawIBig
 .text.LCD_DrawJBig
                0x0000000008000a78       0x94 Core/Src/graphic.o
                0x0000000008000a78                LCD_DrawJBig
 .text.LCD_DrawKBig
                0x0000000008000b0c       0xdc Core/Src/graphic.o
                0x0000000008000b0c                LCD_DrawKBig
 .text.LCD_DrawLBig
                0x0000000008000be8       0x80 Core/Src/graphic.o
                0x0000000008000be8                LCD_DrawLBig
 .text.LCD_DrawMBig
                0x0000000008000c68       0xc8 Core/Src/graphic.o
                0x0000000008000c68                LCD_DrawMBig
 .text.LCD_DrawNBig
                0x0000000008000d30       0xc8 Core/Src/graphic.o
                0x0000000008000d30                LCD_DrawNBig
 .text.LCD_DrawOBig
                0x0000000008000df8       0x8c Core/Src/graphic.o
                0x0000000008000df8                LCD_DrawOBig
 .text.LCD_DrawPBig
                0x0000000008000e84       0xac Core/Src/graphic.o
                0x0000000008000e84                LCD_DrawPBig
 .text.LCD_DrawQBig
                0x0000000008000f30       0xa4 Core/Src/graphic.o
                0x0000000008000f30                LCD_DrawQBig
 .text.LCD_DrawRBig
                0x0000000008000fd4       0xd0 Core/Src/graphic.o
                0x0000000008000fd4                LCD_DrawRBig
 .text.LCD_DrawSBig
                0x00000000080010a4       0xb0 Core/Src/graphic.o
                0x00000000080010a4                LCD_DrawSBig
 .text.LCD_DrawTBig
                0x0000000008001154       0x88 Core/Src/graphic.o
                0x0000000008001154                LCD_DrawTBig
 .text.LCD_DrawUBig
                0x00000000080011dc       0x88 Core/Src/graphic.o
                0x00000000080011dc                LCD_DrawUBig
 .text.LCD_DrawVBig
                0x0000000008001264      0x100 Core/Src/graphic.o
                0x0000000008001264                LCD_DrawVBig
 .text.LCD_DrawWBig
                0x0000000008001364      0x138 Core/Src/graphic.o
                0x0000000008001364                LCD_DrawWBig
 .text.LCD_DrawXBig
                0x000000000800149c       0xbc Core/Src/graphic.o
                0x000000000800149c                LCD_DrawXBig
 .text.LCD_DrawYBig
                0x0000000008001558       0xd0 Core/Src/graphic.o
                0x0000000008001558                LCD_DrawYBig
 .text.LCD_DrawZBig
                0x0000000008001628       0xb0 Core/Src/graphic.o
                0x0000000008001628                LCD_DrawZBig
 .text.LCD_Draw0Big
                0x00000000080016d8       0x8c Core/Src/graphic.o
                0x00000000080016d8                LCD_Draw0Big
 .text.LCD_Draw1Big
                0x0000000008001764       0x80 Core/Src/graphic.o
                0x0000000008001764                LCD_Draw1Big
 .text.LCD_Draw2Big
                0x00000000080017e4       0xa4 Core/Src/graphic.o
                0x00000000080017e4                LCD_Draw2Big
 .text.LCD_Draw3Big
                0x0000000008001888       0x94 Core/Src/graphic.o
                0x0000000008001888                LCD_Draw3Big
 .text.LCD_Draw4Big
                0x000000000800191c       0x98 Core/Src/graphic.o
                0x000000000800191c                LCD_Draw4Big
 .text.LCD_Draw5Big
                0x00000000080019b4       0xa4 Core/Src/graphic.o
                0x00000000080019b4                LCD_Draw5Big
 .text.LCD_Draw6Big
                0x0000000008001a58       0xa0 Core/Src/graphic.o
                0x0000000008001a58                LCD_Draw6Big
 .text.LCD_Draw7Big
                0x0000000008001af8       0xb8 Core/Src/graphic.o
                0x0000000008001af8                LCD_Draw7Big
 .text.LCD_Draw8Big
                0x0000000008001bb0       0x98 Core/Src/graphic.o
                0x0000000008001bb0                LCD_Draw8Big
 .text.LCD_Draw9Big
                0x0000000008001c48       0xa0 Core/Src/graphic.o
                0x0000000008001c48                LCD_Draw9Big
 .text.LCD_GpioInit
                0x0000000008001ce8       0x9c Core/Src/lcd.o
                0x0000000008001ce8                LCD_GpioInit
 .text.LCD_LtdcInit
                0x0000000008001d84       0x44 Core/Src/lcd.o
                0x0000000008001d84                LCD_LtdcInit
 .text.LCD_DispInit_Spi
                0x0000000008001dc8      0x208 Core/Src/lcd.o
                0x0000000008001dc8                LCD_DispInit_Spi
 .text.LCD_DispInit_Ltdc
                0x0000000008001fd0      0x290 Core/Src/lcd.o
                0x0000000008001fd0                LCD_DispInit_Ltdc
 .text.LCD_WriteCommand
                0x0000000008002260       0x5c Core/Src/lcd.o
                0x0000000008002260                LCD_WriteCommand
 .text.LCD_WriteData
                0x00000000080022bc       0x5c Core/Src/lcd.o
                0x00000000080022bc                LCD_WriteData
 .text.LCD_WriteGRAM
                0x0000000008002318       0x30 Core/Src/lcd.o
                0x0000000008002318                LCD_WriteGRAM
 .text.LCD_ClearScreenLtdc
                0x0000000008002348       0x24 Core/Src/lcd.o
                0x0000000008002348                LCD_ClearScreenLtdc
 .text.MX_LTDC_Init
                0x000000000800236c      0x100 Core/Src/ltdc.o
                0x000000000800236c                MX_LTDC_Init
 .text.HAL_LTDC_MspInit
                0x000000000800246c      0x214 Core/Src/ltdc.o
                0x000000000800246c                HAL_LTDC_MspInit
 .text.main     0x0000000008002680       0x78 Core/Src/main.o
                0x0000000008002680                main
 .text.SystemClock_Config
                0x00000000080026f8      0x110 Core/Src/main.o
                0x00000000080026f8                SystemClock_Config
 .text.MX_RTC_Init
                0x0000000008002808       0x4c Core/Src/main.o
 .text.MX_TIM6_Init
                0x0000000008002854       0x6c Core/Src/main.o
 .text.MX_USART1_UART_Init
                0x00000000080028c0       0x54 Core/Src/main.o
 .text.MX_GPIO_Init
                0x0000000008002914       0xbc Core/Src/main.o
 .text.Error_Handler
                0x00000000080029d0        0xa Core/Src/main.o
                0x00000000080029d0                Error_Handler
 *fill*         0x00000000080029da        0x2 
 .text.EXTI0_IRQHandler
                0x00000000080029dc       0x60 Core/Src/main.o
                0x00000000080029dc                EXTI0_IRQHandler
 .text.EXTI1_IRQHandler
                0x0000000008002a3c       0x12 Core/Src/main.o
                0x0000000008002a3c                EXTI1_IRQHandler
 .text.EXTI2_IRQHandler
                0x0000000008002a4e       0x12 Core/Src/main.o
                0x0000000008002a4e                EXTI2_IRQHandler
 .text.EXTI3_IRQHandler
                0x0000000008002a60       0x12 Core/Src/main.o
                0x0000000008002a60                EXTI3_IRQHandler
 .text.EXTI4_IRQHandler
                0x0000000008002a72       0x12 Core/Src/main.o
                0x0000000008002a72                EXTI4_IRQHandler
 .text.Process_string
                0x0000000008002a84       0xf8 Core/Src/mylibrary.o
                0x0000000008002a84                Process_string
 .text.Individual_med
                0x0000000008002b7c       0x9c Core/Src/mylibrary.o
                0x0000000008002b7c                Individual_med
 .text.Manage_strings
                0x0000000008002c18      0x1c8 Core/Src/mylibrary.o
                0x0000000008002c18                Manage_strings
 .text.letterselect
                0x0000000008002de0      0x36e Core/Src/screens.o
                0x0000000008002de0                letterselect
 *fill*         0x000000000800314e        0x2 
 .text.type     0x0000000008003150       0x68 Core/Src/screens.o
                0x0000000008003150                type
 .text.MenuScreen
                0x00000000080031b8       0x2c Core/Src/screens.o
                0x00000000080031b8                MenuScreen
 .text.BluetoothScreen
                0x00000000080031e4       0x3c Core/Src/screens.o
                0x00000000080031e4                BluetoothScreen
 .text.ScheduleScreen
                0x0000000008003220       0x2c Core/Src/screens.o
                0x0000000008003220                ScheduleScreen
 .text.DispensedScreen
                0x000000000800324c       0x2c Core/Src/screens.o
                0x000000000800324c                DispensedScreen
 .text.MX_SPI5_Init
                0x0000000008003278       0x70 Core/Src/spi.o
                0x0000000008003278                MX_SPI5_Init
 .text.HAL_SPI_MspInit
                0x00000000080032e8       0x90 Core/Src/spi.o
                0x00000000080032e8                HAL_SPI_MspInit
 .text.HAL_MspInit
                0x0000000008003378       0x50 Core/Src/stm32f4xx_hal_msp.o
                0x0000000008003378                HAL_MspInit
 .text.HAL_RTC_MspInit
                0x00000000080033c8       0x38 Core/Src/stm32f4xx_hal_msp.o
                0x00000000080033c8                HAL_RTC_MspInit
 .text.HAL_TIM_Base_MspInit
                0x0000000008003400       0x50 Core/Src/stm32f4xx_hal_msp.o
                0x0000000008003400                HAL_TIM_Base_MspInit
 .text.HAL_UART_MspInit
                0x0000000008003450       0xa0 Core/Src/stm32f4xx_hal_msp.o
                0x0000000008003450                HAL_UART_MspInit
 .text.NMI_Handler
                0x00000000080034f0        0x6 Core/Src/stm32f4xx_it.o
                0x00000000080034f0                NMI_Handler
 .text.HardFault_Handler
                0x00000000080034f6        0x6 Core/Src/stm32f4xx_it.o
                0x00000000080034f6                HardFault_Handler
 .text.MemManage_Handler
                0x00000000080034fc        0x6 Core/Src/stm32f4xx_it.o
                0x00000000080034fc                MemManage_Handler
 .text.BusFault_Handler
                0x0000000008003502        0x6 Core/Src/stm32f4xx_it.o
                0x0000000008003502                BusFault_Handler
 .text.UsageFault_Handler
                0x0000000008003508        0x6 Core/Src/stm32f4xx_it.o
                0x0000000008003508                UsageFault_Handler
 .text.SVC_Handler
                0x000000000800350e        0xe Core/Src/stm32f4xx_it.o
                0x000000000800350e                SVC_Handler
 .text.DebugMon_Handler
                0x000000000800351c        0xe Core/Src/stm32f4xx_it.o
                0x000000000800351c                DebugMon_Handler
 .text.PendSV_Handler
                0x000000000800352a        0xe Core/Src/stm32f4xx_it.o
                0x000000000800352a                PendSV_Handler
 .text.SysTick_Handler
                0x0000000008003538        0xc Core/Src/stm32f4xx_it.o
                0x0000000008003538                SysTick_Handler
 .text.USART1_IRQHandler
                0x0000000008003544       0x3c Core/Src/stm32f4xx_it.o
                0x0000000008003544                USART1_IRQHandler
 .text.RTC_Alarm_IRQHandler
                0x0000000008003580       0x14 Core/Src/stm32f4xx_it.o
                0x0000000008003580                RTC_Alarm_IRQHandler
 .text.TIM6_DAC_IRQHandler
                0x0000000008003594       0x50 Core/Src/stm32f4xx_it.o
                0x0000000008003594                TIM6_DAC_IRQHandler
 .text.SystemInit
                0x00000000080035e4       0x2c Core/Src/system_stm32f4xx.o
                0x00000000080035e4                SystemInit
 .text.Reset_Handler
                0x0000000008003610       0x50 Core/Startup/startup_stm32f429zitx.o
                0x0000000008003610                Reset_Handler
 .text.Default_Handler
                0x0000000008003660        0x2 Core/Startup/startup_stm32f429zitx.o
                0x0000000008003660                HASH_RNG_IRQHandler
                0x0000000008003660                TIM8_CC_IRQHandler
                0x0000000008003660                UART8_IRQHandler
                0x0000000008003660                SPI4_IRQHandler
                0x0000000008003660                TIM1_CC_IRQHandler
                0x0000000008003660                DMA2_Stream5_IRQHandler
                0x0000000008003660                DMA1_Stream5_IRQHandler
                0x0000000008003660                PVD_IRQHandler
                0x0000000008003660                SDIO_IRQHandler
                0x0000000008003660                TAMP_STAMP_IRQHandler
                0x0000000008003660                CAN2_RX1_IRQHandler
                0x0000000008003660                TIM8_TRG_COM_TIM14_IRQHandler
                0x0000000008003660                TIM1_UP_TIM10_IRQHandler
                0x0000000008003660                TIM8_UP_TIM13_IRQHandler
                0x0000000008003660                I2C3_ER_IRQHandler
                0x0000000008003660                I2C2_EV_IRQHandler
                0x0000000008003660                DMA1_Stream2_IRQHandler
                0x0000000008003660                CAN1_RX0_IRQHandler
                0x0000000008003660                FPU_IRQHandler
                0x0000000008003660                OTG_HS_WKUP_IRQHandler
                0x0000000008003660                LTDC_ER_IRQHandler
                0x0000000008003660                CAN2_SCE_IRQHandler
                0x0000000008003660                DMA2_Stream2_IRQHandler
                0x0000000008003660                SPI1_IRQHandler
                0x0000000008003660                TIM1_BRK_TIM9_IRQHandler
                0x0000000008003660                DCMI_IRQHandler
                0x0000000008003660                CAN2_RX0_IRQHandler
                0x0000000008003660                DMA2_Stream3_IRQHandler
                0x0000000008003660                USART6_IRQHandler
                0x0000000008003660                USART3_IRQHandler
                0x0000000008003660                CAN1_RX1_IRQHandler
                0x0000000008003660                UART5_IRQHandler
                0x0000000008003660                DMA2_Stream0_IRQHandler
                0x0000000008003660                TIM4_IRQHandler
                0x0000000008003660                I2C1_EV_IRQHandler
                0x0000000008003660                DMA1_Stream6_IRQHandler
                0x0000000008003660                DMA1_Stream1_IRQHandler
                0x0000000008003660                UART4_IRQHandler
                0x0000000008003660                TIM3_IRQHandler
                0x0000000008003660                RCC_IRQHandler
                0x0000000008003660                TIM8_BRK_TIM12_IRQHandler
                0x0000000008003660                Default_Handler
                0x0000000008003660                EXTI15_10_IRQHandler
                0x0000000008003660                ADC_IRQHandler
                0x0000000008003660                DMA1_Stream7_IRQHandler
                0x0000000008003660                SPI5_IRQHandler
                0x0000000008003660                TIM7_IRQHandler
                0x0000000008003660                CAN2_TX_IRQHandler
                0x0000000008003660                TIM5_IRQHandler
                0x0000000008003660                DMA2_Stream7_IRQHandler
                0x0000000008003660                I2C3_EV_IRQHandler
                0x0000000008003660                EXTI9_5_IRQHandler
                0x0000000008003660                RTC_WKUP_IRQHandler
                0x0000000008003660                LTDC_IRQHandler
                0x0000000008003660                ETH_WKUP_IRQHandler
                0x0000000008003660                SPI2_IRQHandler
                0x0000000008003660                OTG_HS_EP1_IN_IRQHandler
                0x0000000008003660                DMA1_Stream0_IRQHandler
                0x0000000008003660                CAN1_TX_IRQHandler
                0x0000000008003660                ETH_IRQHandler
                0x0000000008003660                OTG_HS_EP1_OUT_IRQHandler
                0x0000000008003660                WWDG_IRQHandler
                0x0000000008003660                SPI6_IRQHandler
                0x0000000008003660                TIM2_IRQHandler
                0x0000000008003660                OTG_FS_WKUP_IRQHandler
                0x0000000008003660                TIM1_TRG_COM_TIM11_IRQHandler
                0x0000000008003660                OTG_HS_IRQHandler
                0x0000000008003660                DMA2D_IRQHandler
                0x0000000008003660                UART7_IRQHandler
                0x0000000008003660                USART2_IRQHandler
                0x0000000008003660                I2C2_ER_IRQHandler
                0x0000000008003660                DMA2_Stream1_IRQHandler
                0x0000000008003660                CAN1_SCE_IRQHandler
                0x0000000008003660                FLASH_IRQHandler
                0x0000000008003660                DMA2_Stream4_IRQHandler
                0x0000000008003660                OTG_FS_IRQHandler
                0x0000000008003660                SPI3_IRQHandler
                0x0000000008003660                DMA1_Stream4_IRQHandler
                0x0000000008003660                I2C1_ER_IRQHandler
                0x0000000008003660                FMC_IRQHandler
                0x0000000008003660                DMA2_Stream6_IRQHandler
                0x0000000008003660                SAI1_IRQHandler
                0x0000000008003660                DMA1_Stream3_IRQHandler
 *fill*         0x0000000008003662        0x2 
 .text.HAL_Init
                0x0000000008003664       0x44 Drivers/STM32F4xx_HAL_Driver/Src/stm32f4xx_hal.o
                0x0000000008003664                HAL_Init
 .text.HAL_InitTick
                0x00000000080036a8       0x60 Drivers/STM32F4xx_HAL_Driver/Src/stm32f4xx_hal.o
                0x00000000080036a8                HAL_InitTick
 .text.HAL_IncTick
                0x0000000008003708       0x28 Drivers/STM32F4xx_HAL_Driver/Src/stm32f4xx_hal.o
                0x0000000008003708                HAL_IncTick
 .text.HAL_GetTick
                0x0000000008003730       0x18 Drivers/STM32F4xx_HAL_Driver/Src/stm32f4xx_hal.o
                0x0000000008003730                HAL_GetTick
 .text.HAL_Delay
                0x0000000008003748       0x48 Drivers/STM32F4xx_HAL_Driver/Src/stm32f4xx_hal.o
                0x0000000008003748                HAL_Delay
 .text.__NVIC_SetPriorityGrouping
                0x0000000008003790       0x48 Drivers/STM32F4xx_HAL_Driver/Src/stm32f4xx_hal_cortex.o
 .text.__NVIC_GetPriorityGrouping
                0x00000000080037d8       0x1c Drivers/STM32F4xx_HAL_Driver/Src/stm32f4xx_hal_cortex.o
 .text.__NVIC_EnableIRQ
                0x00000000080037f4       0x3c Drivers/STM32F4xx_HAL_Driver/Src/stm32f4xx_hal_cortex.o
 .text.__NVIC_SetPriority
                0x0000000008003830       0x54 Drivers/STM32F4xx_HAL_Driver/Src/stm32f4xx_hal_cortex.o
 .text.NVIC_EncodePriority
                0x0000000008003884       0x66 Drivers/STM32F4xx_HAL_Driver/Src/stm32f4xx_hal_cortex.o
 *fill*         0x00000000080038ea        0x2 
 .text.SysTick_Config
                0x00000000080038ec       0x44 Drivers/STM32F4xx_HAL_Driver/Src/stm32f4xx_hal_cortex.o
 .text.HAL_NVIC_SetPriorityGrouping
                0x0000000008003930       0x16 Drivers/STM32F4xx_HAL_Driver/Src/stm32f4xx_hal_cortex.o
                0x0000000008003930                HAL_NVIC_SetPriorityGrouping
 .text.HAL_NVIC_SetPriority
                0x0000000008003946       0x38 Drivers/STM32F4xx_HAL_Driver/Src/stm32f4xx_hal_cortex.o
                0x0000000008003946                HAL_NVIC_SetPriority
 .text.HAL_NVIC_EnableIRQ
                0x000000000800397e       0x1c Drivers/STM32F4xx_HAL_Driver/Src/stm32f4xx_hal_cortex.o
                0x000000000800397e                HAL_NVIC_EnableIRQ
 .text.HAL_SYSTICK_Config
                0x000000000800399a       0x18 Drivers/STM32F4xx_HAL_Driver/Src/stm32f4xx_hal_cortex.o
                0x000000000800399a                HAL_SYSTICK_Config
 .text.HAL_DMA_Abort_IT
                0x00000000080039b2       0x44 Drivers/STM32F4xx_HAL_Driver/Src/stm32f4xx_hal_dma.o
                0x00000000080039b2                HAL_DMA_Abort_IT
 *fill*         0x00000000080039f6        0x2 
 .text.HAL_GPIO_Init
                0x00000000080039f8      0x358 Drivers/STM32F4xx_HAL_Driver/Src/stm32f4xx_hal_gpio.o
                0x00000000080039f8                HAL_GPIO_Init
 .text.HAL_GPIO_WritePin
                0x0000000008003d50       0x32 Drivers/STM32F4xx_HAL_Driver/Src/stm32f4xx_hal_gpio.o
                0x0000000008003d50                HAL_GPIO_WritePin
 *fill*         0x0000000008003d82        0x2 
 .text.HAL_GPIO_EXTI_IRQHandler
                0x0000000008003d84       0x30 Drivers/STM32F4xx_HAL_Driver/Src/stm32f4xx_hal_gpio.o
                0x0000000008003d84                HAL_GPIO_EXTI_IRQHandler
 .text.HAL_GPIO_EXTI_Callback
                0x0000000008003db4       0x16 Drivers/STM32F4xx_HAL_Driver/Src/stm32f4xx_hal_gpio.o
                0x0000000008003db4                HAL_GPIO_EXTI_Callback
 *fill*         0x0000000008003dca        0x2 
 .text.HAL_LTDC_Init
                0x0000000008003dcc      0x1a8 Drivers/STM32F4xx_HAL_Driver/Src/stm32f4xx_hal_ltdc.o
                0x0000000008003dcc                HAL_LTDC_Init
 .text.HAL_LTDC_ConfigLayer
                0x0000000008003f74       0x7c Drivers/STM32F4xx_HAL_Driver/Src/stm32f4xx_hal_ltdc.o
                0x0000000008003f74                HAL_LTDC_ConfigLayer
 .text.HAL_LTDC_ConfigCLUT
                0x0000000008003ff0       0xe8 Drivers/STM32F4xx_HAL_Driver/Src/stm32f4xx_hal_ltdc.o
                0x0000000008003ff0                HAL_LTDC_ConfigCLUT
 .text.HAL_LTDC_EnableCLUT
                0x00000000080040d8       0x72 Drivers/STM32F4xx_HAL_Driver/Src/stm32f4xx_hal_ltdc.o
                0x00000000080040d8                HAL_LTDC_EnableCLUT
 .text.HAL_LTDC_SetAddress
                0x000000000800414a       0x6c Drivers/STM32F4xx_HAL_Driver/Src/stm32f4xx_hal_ltdc.o
                0x000000000800414a                HAL_LTDC_SetAddress
 .text.HAL_LTDC_Reload
                0x00000000080041b6       0x5e Drivers/STM32F4xx_HAL_Driver/Src/stm32f4xx_hal_ltdc.o
                0x00000000080041b6                HAL_LTDC_Reload
 .text.LTDC_SetConfig
                0x0000000008004214      0x33a Drivers/STM32F4xx_HAL_Driver/Src/stm32f4xx_hal_ltdc.o
 *fill*         0x000000000800454e        0x2 
 .text.HAL_PWREx_EnableOverDrive
                0x0000000008004550       0xa0 Drivers/STM32F4xx_HAL_Driver/Src/stm32f4xx_hal_pwr_ex.o
                0x0000000008004550                HAL_PWREx_EnableOverDrive
 .text.HAL_RCC_OscConfig
                0x00000000080045f0      0x4e0 Drivers/STM32F4xx_HAL_Driver/Src/stm32f4xx_hal_rcc.o
                0x00000000080045f0                HAL_RCC_OscConfig
 .text.HAL_RCC_ClockConfig
                0x0000000008004ad0      0x1cc Drivers/STM32F4xx_HAL_Driver/Src/stm32f4xx_hal_rcc.o
                0x0000000008004ad0                HAL_RCC_ClockConfig
 .text.HAL_RCC_GetSysClockFreq
                0x0000000008004c9c      0x16c Drivers/STM32F4xx_HAL_Driver/Src/stm32f4xx_hal_rcc.o
                0x0000000008004c9c                HAL_RCC_GetSysClockFreq
 .text.HAL_RCC_GetHCLKFreq
                0x0000000008004e08       0x18 Drivers/STM32F4xx_HAL_Driver/Src/stm32f4xx_hal_rcc.o
                0x0000000008004e08                HAL_RCC_GetHCLKFreq
 .text.HAL_RCC_GetPCLK1Freq
                0x0000000008004e20       0x28 Drivers/STM32F4xx_HAL_Driver/Src/stm32f4xx_hal_rcc.o
                0x0000000008004e20                HAL_RCC_GetPCLK1Freq
 .text.HAL_RCC_GetPCLK2Freq
                0x0000000008004e48       0x28 Drivers/STM32F4xx_HAL_Driver/Src/stm32f4xx_hal_rcc.o
                0x0000000008004e48                HAL_RCC_GetPCLK2Freq
 .text.HAL_RCCEx_PeriphCLKConfig
                0x0000000008004e70      0x37c Drivers/STM32F4xx_HAL_Driver/Src/stm32f4xx_hal_rcc_ex.o
                0x0000000008004e70                HAL_RCCEx_PeriphCLKConfig
 .text.HAL_RTC_Init
                0x00000000080051ec      0x122 Drivers/STM32F4xx_HAL_Driver/Src/stm32f4xx_hal_rtc.o
                0x00000000080051ec                HAL_RTC_Init
 *fill*         0x000000000800530e        0x2 
 .text.HAL_RTC_AlarmIRQHandler
                0x0000000008005310       0x8c Drivers/STM32F4xx_HAL_Driver/Src/stm32f4xx_hal_rtc.o
                0x0000000008005310                HAL_RTC_AlarmIRQHandler
 .text.HAL_RTC_AlarmAEventCallback
                0x000000000800539c       0x14 Drivers/STM32F4xx_HAL_Driver/Src/stm32f4xx_hal_rtc.o
                0x000000000800539c                HAL_RTC_AlarmAEventCallback
 .text.HAL_RTC_WaitForSynchro
                0x00000000080053b0       0x50 Drivers/STM32F4xx_HAL_Driver/Src/stm32f4xx_hal_rtc.o
                0x00000000080053b0                HAL_RTC_WaitForSynchro
 .text.RTC_EnterInitMode
                0x0000000008005400       0x58 Drivers/STM32F4xx_HAL_Driver/Src/stm32f4xx_hal_rtc.o
                0x0000000008005400                RTC_EnterInitMode
 .text.HAL_RTCEx_AlarmBEventCallback
                0x0000000008005458       0x14 Drivers/STM32F4xx_HAL_Driver/Src/stm32f4xx_hal_rtc_ex.o
                0x0000000008005458                HAL_RTCEx_AlarmBEventCallback
 .text.HAL_SPI_Init
                0x000000000800546c       0xc8 Drivers/STM32F4xx_HAL_Driver/Src/stm32f4xx_hal_spi.o
                0x000000000800546c                HAL_SPI_Init
 .text.HAL_SPI_Transmit
                0x0000000008005534      0x27a Drivers/STM32F4xx_HAL_Driver/Src/stm32f4xx_hal_spi.o
                0x0000000008005534                HAL_SPI_Transmit
 .text.SPI_WaitFlagStateUntilTimeout
                0x00000000080057ae       0xd2 Drivers/STM32F4xx_HAL_Driver/Src/stm32f4xx_hal_spi.o
 .text.SPI_CheckFlag_BSY
                0x0000000008005880       0x3c Drivers/STM32F4xx_HAL_Driver/Src/stm32f4xx_hal_spi.o
 .text.HAL_TIM_Base_Init
                0x00000000080058bc       0x56 Drivers/STM32F4xx_HAL_Driver/Src/stm32f4xx_hal_tim.o
                0x00000000080058bc                HAL_TIM_Base_Init
 .text.HAL_TIM_Base_Start_IT
                0x0000000008005912       0x48 Drivers/STM32F4xx_HAL_Driver/Src/stm32f4xx_hal_tim.o
                0x0000000008005912                HAL_TIM_Base_Start_IT
 .text.HAL_TIM_IRQHandler
                0x000000000800595a      0x210 Drivers/STM32F4xx_HAL_Driver/Src/stm32f4xx_hal_tim.o
                0x000000000800595a                HAL_TIM_IRQHandler
 .text.HAL_TIM_PeriodElapsedCallback
                0x0000000008005b6a       0x14 Drivers/STM32F4xx_HAL_Driver/Src/stm32f4xx_hal_tim.o
                0x0000000008005b6a                HAL_TIM_PeriodElapsedCallback
 .text.HAL_TIM_OC_DelayElapsedCallback
                0x0000000008005b7e       0x14 Drivers/STM32F4xx_HAL_Driver/Src/stm32f4xx_hal_tim.o
                0x0000000008005b7e                HAL_TIM_OC_DelayElapsedCallback
 .text.HAL_TIM_IC_CaptureCallback
                0x0000000008005b92       0x14 Drivers/STM32F4xx_HAL_Driver/Src/stm32f4xx_hal_tim.o
                0x0000000008005b92                HAL_TIM_IC_CaptureCallback
 .text.HAL_TIM_PWM_PulseFinishedCallback
                0x0000000008005ba6       0x14 Drivers/STM32F4xx_HAL_Driver/Src/stm32f4xx_hal_tim.o
                0x0000000008005ba6                HAL_TIM_PWM_PulseFinishedCallback
 .text.HAL_TIM_TriggerCallback
                0x0000000008005bba       0x14 Drivers/STM32F4xx_HAL_Driver/Src/stm32f4xx_hal_tim.o
                0x0000000008005bba                HAL_TIM_TriggerCallback
 *fill*         0x0000000008005bce        0x2 
 .text.TIM_Base_SetConfig
                0x0000000008005bd0      0x140 Drivers/STM32F4xx_HAL_Driver/Src/stm32f4xx_hal_tim.o
                0x0000000008005bd0                TIM_Base_SetConfig
 .text.HAL_TIMEx_MasterConfigSynchronization
                0x0000000008005d10       0xf8 Drivers/STM32F4xx_HAL_Driver/Src/stm32f4xx_hal_tim_ex.o
                0x0000000008005d10                HAL_TIMEx_MasterConfigSynchronization
 .text.HAL_TIMEx_CommutCallback
                0x0000000008005e08       0x14 Drivers/STM32F4xx_HAL_Driver/Src/stm32f4xx_hal_tim_ex.o
                0x0000000008005e08                HAL_TIMEx_CommutCallback
 .text.HAL_TIMEx_BreakCallback
                0x0000000008005e1c       0x14 Drivers/STM32F4xx_HAL_Driver/Src/stm32f4xx_hal_tim_ex.o
                0x0000000008005e1c                HAL_TIMEx_BreakCallback
 .text.HAL_UART_Init
                0x0000000008005e30       0x9a Drivers/STM32F4xx_HAL_Driver/Src/stm32f4xx_hal_uart.o
                0x0000000008005e30                HAL_UART_Init
 .text.HAL_UART_Receive
                0x0000000008005eca      0x14c Drivers/STM32F4xx_HAL_Driver/Src/stm32f4xx_hal_uart.o
                0x0000000008005eca                HAL_UART_Receive
 *fill*         0x0000000008006016        0x2 
 .text.HAL_UART_IRQHandler
                0x0000000008006018      0x200 Drivers/STM32F4xx_HAL_Driver/Src/stm32f4xx_hal_uart.o
                0x0000000008006018                HAL_UART_IRQHandler
 .text.HAL_UART_TxCpltCallback
                0x0000000008006218       0x14 Drivers/STM32F4xx_HAL_Driver/Src/stm32f4xx_hal_uart.o
                0x0000000008006218                HAL_UART_TxCpltCallback
 .text.HAL_UART_RxCpltCallback
                0x000000000800622c       0x14 Drivers/STM32F4xx_HAL_Driver/Src/stm32f4xx_hal_uart.o
                0x000000000800622c                HAL_UART_RxCpltCallback
 .text.HAL_UART_ErrorCallback
                0x0000000008006240       0x14 Drivers/STM32F4xx_HAL_Driver/Src/stm32f4xx_hal_uart.o
                0x0000000008006240                HAL_UART_ErrorCallback
 .text.UART_WaitOnFlagUntilTimeout
                0x0000000008006254       0x94 Drivers/STM32F4xx_HAL_Driver/Src/stm32f4xx_hal_uart.o
 .text.UART_EndRxTransfer
                0x00000000080062e8       0x3c Drivers/STM32F4xx_HAL_Driver/Src/stm32f4xx_hal_uart.o
 .text.UART_DMAAbortOnError
                0x0000000008006324       0x28 Drivers/STM32F4xx_HAL_Driver/Src/stm32f4xx_hal_uart.o
 .text.UART_Transmit_IT
                0x000000000800634c       0xac Drivers/STM32F4xx_HAL_Driver/Src/stm32f4xx_hal_uart.o
 .text.UART_EndTransmit_IT
                0x00000000080063f8       0x30 Drivers/STM32F4xx_HAL_Driver/Src/stm32f4xx_hal_uart.o
 .text.UART_Receive_IT
                0x0000000008006428      0x102 Drivers/STM32F4xx_HAL_Driver/Src/stm32f4xx_hal_uart.o
 *fill*         0x000000000800652a        0x2 
 .text.UART_SetConfig
                0x000000000800652c      0x738 Drivers/STM32F4xx_HAL_Driver/Src/stm32f4xx_hal_uart.o
 .text.__libc_init_array
                0x0000000008006c64       0x48 c:/st/stm32cubeide_1.5.1/stm32cubeide/plugins/com.st.stm32cube.ide.mcu.externaltools.gnu-tools-for-stm32.9-2020-q2-update.win32_1.5.0.202011040924/tools/bin/../lib/gcc/arm-none-eabi/9.3.1/../../../../arm-none-eabi/lib/thumb/v7e-m+fp/hard\libc_nano.a(lib_a-init.o)
                0x0000000008006c64                __libc_init_array
 .text.memset   0x0000000008006cac       0x10 c:/st/stm32cubeide_1.5.1/stm32cubeide/plugins/com.st.stm32cube.ide.mcu.externaltools.gnu-tools-for-stm32.9-2020-q2-update.win32_1.5.0.202011040924/tools/bin/../lib/gcc/arm-none-eabi/9.3.1/../../../../arm-none-eabi/lib/thumb/v7e-m+fp/hard\libc_nano.a(lib_a-memset.o)
                0x0000000008006cac                memset
 .text.strcat   0x0000000008006cbc       0x1e c:/st/stm32cubeide_1.5.1/stm32cubeide/plugins/com.st.stm32cube.ide.mcu.externaltools.gnu-tools-for-stm32.9-2020-q2-update.win32_1.5.0.202011040924/tools/bin/../lib/gcc/arm-none-eabi/9.3.1/../../../../arm-none-eabi/lib/thumb/v7e-m+fp/hard\libc_nano.a(lib_a-strcat.o)
                0x0000000008006cbc                strcat
 .text.strncpy  0x0000000008006cda       0x26 c:/st/stm32cubeide_1.5.1/stm32cubeide/plugins/com.st.stm32cube.ide.mcu.externaltools.gnu-tools-for-stm32.9-2020-q2-update.win32_1.5.0.202011040924/tools/bin/../lib/gcc/arm-none-eabi/9.3.1/../../../../arm-none-eabi/lib/thumb/v7e-m+fp/hard\libc_nano.a(lib_a-strncpy.o)
                0x0000000008006cda                strncpy
 *(.glue_7)
 .glue_7        0x0000000008006d00        0x0 linker stubs
 *(.glue_7t)
 .glue_7t       0x0000000008006d00        0x0 linker stubs
 *(.eh_frame)
 .eh_frame      0x0000000008006d00        0x0 c:/st/stm32cubeide_1.5.1/stm32cubeide/plugins/com.st.stm32cube.ide.mcu.externaltools.gnu-tools-for-stm32.9-2020-q2-update.win32_1.5.0.202011040924/tools/bin/../lib/gcc/arm-none-eabi/9.3.1/thumb/v7e-m+fp/hard/crtbegin.o
 *(.init)
 .init          0x0000000008006d00        0x4 c:/st/stm32cubeide_1.5.1/stm32cubeide/plugins/com.st.stm32cube.ide.mcu.externaltools.gnu-tools-for-stm32.9-2020-q2-update.win32_1.5.0.202011040924/tools/bin/../lib/gcc/arm-none-eabi/9.3.1/thumb/v7e-m+fp/hard/crti.o
                0x0000000008006d00                _init
 .init          0x0000000008006d04        0x8 c:/st/stm32cubeide_1.5.1/stm32cubeide/plugins/com.st.stm32cube.ide.mcu.externaltools.gnu-tools-for-stm32.9-2020-q2-update.win32_1.5.0.202011040924/tools/bin/../lib/gcc/arm-none-eabi/9.3.1/thumb/v7e-m+fp/hard/crtn.o
 *(.fini)
 .fini          0x0000000008006d0c        0x4 c:/st/stm32cubeide_1.5.1/stm32cubeide/plugins/com.st.stm32cube.ide.mcu.externaltools.gnu-tools-for-stm32.9-2020-q2-update.win32_1.5.0.202011040924/tools/bin/../lib/gcc/arm-none-eabi/9.3.1/thumb/v7e-m+fp/hard/crti.o
                0x0000000008006d0c                _fini
 .fini          0x0000000008006d10        0x8 c:/st/stm32cubeide_1.5.1/stm32cubeide/plugins/com.st.stm32cube.ide.mcu.externaltools.gnu-tools-for-stm32.9-2020-q2-update.win32_1.5.0.202011040924/tools/bin/../lib/gcc/arm-none-eabi/9.3.1/thumb/v7e-m+fp/hard/crtn.o
                0x0000000008006d18                . = ALIGN (0x4)
                0x0000000008006d18                _etext = .

.vfp11_veneer   0x0000000008006d18        0x0
 .vfp11_veneer  0x0000000008006d18        0x0 linker stubs

.v4_bx          0x0000000008006d18        0x0
 .v4_bx         0x0000000008006d18        0x0 linker stubs

.iplt           0x0000000008006d18        0x0
 .iplt          0x0000000008006d18        0x0 c:/st/stm32cubeide_1.5.1/stm32cubeide/plugins/com.st.stm32cube.ide.mcu.externaltools.gnu-tools-for-stm32.9-2020-q2-update.win32_1.5.0.202011040924/tools/bin/../lib/gcc/arm-none-eabi/9.3.1/thumb/v7e-m+fp/hard/crtbegin.o

.rodata         0x0000000008006d18      0x45c
                0x0000000008006d18                . = ALIGN (0x4)
 *(.rodata)
 .rodata        0x0000000008006d18       0x42 Core/Src/screens.o
 *(.rodata*)
 *fill*         0x0000000008006d5a        0x2 
 .rodata.CLUT   0x0000000008006d5c      0x400 Core/Src/lcd.o
                0x0000000008006d5c                CLUT
 .rodata.AHBPrescTable
                0x000000000800715c       0x10 Core/Src/system_stm32f4xx.o
                0x000000000800715c                AHBPrescTable
 .rodata.APBPrescTable
                0x000000000800716c        0x8 Core/Src/system_stm32f4xx.o
                0x000000000800716c                APBPrescTable
                0x0000000008007174                . = ALIGN (0x4)

.ARM.extab      0x0000000008007174        0x0
                0x0000000008007174                . = ALIGN (0x4)
 *(.ARM.extab* .gnu.linkonce.armextab.*)
                0x0000000008007174                . = ALIGN (0x4)

.ARM            0x0000000008007174        0x8
                0x0000000008007174                . = ALIGN (0x4)
                0x0000000008007174                __exidx_start = .
 *(.ARM.exidx*)
 .ARM.exidx     0x0000000008007174        0x8 c:/st/stm32cubeide_1.5.1/stm32cubeide/plugins/com.st.stm32cube.ide.mcu.externaltools.gnu-tools-for-stm32.9-2020-q2-update.win32_1.5.0.202011040924/tools/bin/../lib/gcc/arm-none-eabi/9.3.1/thumb/v7e-m+fp/hard\libgcc.a(_udivmoddi4.o)
                0x000000000800717c                __exidx_end = .
                0x000000000800717c                . = ALIGN (0x4)

.rel.dyn        0x000000000800717c        0x0
 .rel.iplt      0x000000000800717c        0x0 c:/st/stm32cubeide_1.5.1/stm32cubeide/plugins/com.st.stm32cube.ide.mcu.externaltools.gnu-tools-for-stm32.9-2020-q2-update.win32_1.5.0.202011040924/tools/bin/../lib/gcc/arm-none-eabi/9.3.1/thumb/v7e-m+fp/hard/crtbegin.o

.preinit_array  0x000000000800717c        0x0
                0x000000000800717c                . = ALIGN (0x4)
                0x000000000800717c                PROVIDE (__preinit_array_start = .)
 *(.preinit_array*)
                0x000000000800717c                PROVIDE (__preinit_array_end = .)
                0x000000000800717c                . = ALIGN (0x4)

.init_array     0x000000000800717c        0x4
                0x000000000800717c                . = ALIGN (0x4)
                0x000000000800717c                PROVIDE (__init_array_start = .)
 *(SORT_BY_NAME(.init_array.*))
 *(.init_array*)
 .init_array    0x000000000800717c        0x4 c:/st/stm32cubeide_1.5.1/stm32cubeide/plugins/com.st.stm32cube.ide.mcu.externaltools.gnu-tools-for-stm32.9-2020-q2-update.win32_1.5.0.202011040924/tools/bin/../lib/gcc/arm-none-eabi/9.3.1/thumb/v7e-m+fp/hard/crtbegin.o
                0x0000000008007180                PROVIDE (__init_array_end = .)
                0x0000000008007180                . = ALIGN (0x4)

.fini_array     0x0000000008007180        0x4
                0x0000000008007180                . = ALIGN (0x4)
                [!provide]                        PROVIDE (__fini_array_start = .)
 *(SORT_BY_NAME(.fini_array.*))
 *(.fini_array*)
 .fini_array    0x0000000008007180        0x4 c:/st/stm32cubeide_1.5.1/stm32cubeide/plugins/com.st.stm32cube.ide.mcu.externaltools.gnu-tools-for-stm32.9-2020-q2-update.win32_1.5.0.202011040924/tools/bin/../lib/gcc/arm-none-eabi/9.3.1/thumb/v7e-m+fp/hard/crtbegin.o
                [!provide]                        PROVIDE (__fini_array_end = .)
                0x0000000008007184                . = ALIGN (0x4)
                0x0000000008007184                _sidata = LOADADDR (.data)

.data           0x0000000020000000    0x12c10 load address 0x0000000008007184
                0x0000000020000000                . = ALIGN (0x4)
                0x0000000020000000                _sdata = .
 *(.data)
 *(.data*)
 .data.COLOR_LTDC
                0x0000000020000000        0x1 Core/Src/graphic.o
                0x0000000020000000                COLOR_LTDC
 *fill*         0x0000000020000001        0x3 
 .data.GRAM     0x0000000020000004    0x12c00 Core/Src/lcd.o
                0x0000000020000004                GRAM
 .data.SystemCoreClock
                0x0000000020012c04        0x4 Core/Src/system_stm32f4xx.o
                0x0000000020012c04                SystemCoreClock
 .data.uwTickPrio
                0x0000000020012c08        0x4 Drivers/STM32F4xx_HAL_Driver/Src/stm32f4xx_hal.o
                0x0000000020012c08                uwTickPrio
 .data.uwTickFreq
                0x0000000020012c0c        0x1 Drivers/STM32F4xx_HAL_Driver/Src/stm32f4xx_hal.o
                0x0000000020012c0c                uwTickFreq
 *(.RamFunc)
 *(.RamFunc*)
                0x0000000020012c10                . = ALIGN (0x4)
 *fill*         0x0000000020012c0d        0x3 
                0x0000000020012c10                _edata = .

.igot.plt       0x0000000020012c10        0x0 load address 0x0000000008019d94
 .igot.plt      0x0000000020012c10        0x0 c:/st/stm32cubeide_1.5.1/stm32cubeide/plugins/com.st.stm32cube.ide.mcu.externaltools.gnu-tools-for-stm32.9-2020-q2-update.win32_1.5.0.202011040924/tools/bin/../lib/gcc/arm-none-eabi/9.3.1/thumb/v7e-m+fp/hard/crtbegin.o
                0x0000000020012c10                . = ALIGN (0x4)

.bss            0x0000000020012c10      0xbf4 load address 0x0000000008019d94
                0x0000000020012c10                _sbss = .
                0x0000000020012c10                __bss_start__ = _sbss
 *(.bss)
 .bss           0x0000000020012c10       0x1c c:/st/stm32cubeide_1.5.1/stm32cubeide/plugins/com.st.stm32cube.ide.mcu.externaltools.gnu-tools-for-stm32.9-2020-q2-update.win32_1.5.0.202011040924/tools/bin/../lib/gcc/arm-none-eabi/9.3.1/thumb/v7e-m+fp/hard/crtbegin.o
 *(.bss*)
 .bss.view_index
                0x0000000020012c2c        0x4 Core/Src/main.o
                0x0000000020012c2c                view_index
 .bss.timer_count
                0x0000000020012c30        0x2 Core/Src/mylibrary.o
                0x0000000020012c30                timer_count
 .bss.buffer_index
                0x0000000020012c32        0x2 Core/Src/mylibrary.o
                0x0000000020012c32                buffer_index
 *(COMMON)
 COMMON         0x0000000020012c34       0xa8 Core/Src/ltdc.o
                0x0000000020012c34                hltdc
 COMMON         0x0000000020012cdc       0xda Core/Src/main.o
                0x0000000020012cdc                gDate
                0x0000000020012ce0                gTime
                0x0000000020012cf4                huart1
                0x0000000020012d34                hrtc
                0x0000000020012d54                htim6
                0x0000000020012d94                time
                0x0000000020012da0                min
                0x0000000020012da4                sec
                0x0000000020012da8                hr
                0x0000000020012dac                date
 *fill*         0x0000000020012db6        0x2 
 COMMON         0x0000000020012db8      0x9ed Core/Src/mylibrary.o
                0x0000000020012db8                mdate
                0x0000000020012dbc                schedule
                0x0000000020013334                apm
                0x0000000020013338                buffer
                0x0000000020013720                testnum
                0x0000000020013724                mtime
                0x000000002001372c                med
                0x000000002001373c                bufferarr
                0x00000000200137a0                nbin
                0x00000000200137a4                npill
 *fill*         0x00000000200137a5        0x3 
 COMMON         0x00000000200137a8       0x58 Core/Src/spi.o
                0x00000000200137a8                hspi5
 COMMON         0x0000000020013800        0x4 Drivers/STM32F4xx_HAL_Driver/Src/stm32f4xx_hal.o
                0x0000000020013800                uwTick
                0x0000000020013804                . = ALIGN (0x4)
                0x0000000020013804                _ebss = .
                0x0000000020013804                __bss_end__ = _ebss

._user_heap_stack
                0x0000000020013804      0x604 load address 0x0000000008019d94
                0x0000000020013808                . = ALIGN (0x8)
 *fill*         0x0000000020013804        0x4 
                [!provide]                        PROVIDE (end = .)
                0x0000000020013808                PROVIDE (_end = .)
                0x0000000020013a08                . = (. + _Min_Heap_Size)
 *fill*         0x0000000020013808      0x200 
                0x0000000020013e08                . = (. + _Min_Stack_Size)
 *fill*         0x0000000020013a08      0x400 
                0x0000000020013e08                . = ALIGN (0x8)

/DISCARD/
 libc.a(*)
 libm.a(*)
 libgcc.a(*)

.ARM.attributes
                0x0000000000000000       0x30
 *(.ARM.attributes)
 .ARM.attributes
                0x0000000000000000       0x1e c:/st/stm32cubeide_1.5.1/stm32cubeide/plugins/com.st.stm32cube.ide.mcu.externaltools.gnu-tools-for-stm32.9-2020-q2-update.win32_1.5.0.202011040924/tools/bin/../lib/gcc/arm-none-eabi/9.3.1/thumb/v7e-m+fp/hard/crti.o
 .ARM.attributes
                0x000000000000001e       0x34 c:/st/stm32cubeide_1.5.1/stm32cubeide/plugins/com.st.stm32cube.ide.mcu.externaltools.gnu-tools-for-stm32.9-2020-q2-update.win32_1.5.0.202011040924/tools/bin/../lib/gcc/arm-none-eabi/9.3.1/thumb/v7e-m+fp/hard/crtbegin.o
 .ARM.attributes
                0x0000000000000052       0x34 Core/Src/graphic.o
 .ARM.attributes
                0x0000000000000086       0x34 Core/Src/lcd.o
 .ARM.attributes
                0x00000000000000ba       0x34 Core/Src/ltdc.o
 .ARM.attributes
                0x00000000000000ee       0x34 Core/Src/main.o
 .ARM.attributes
                0x0000000000000122       0x34 Core/Src/mylibrary.o
 .ARM.attributes
                0x0000000000000156       0x34 Core/Src/screens.o
 .ARM.attributes
                0x000000000000018a       0x34 Core/Src/spi.o
 .ARM.attributes
                0x00000000000001be       0x34 Core/Src/stm32f4xx_hal_msp.o
 .ARM.attributes
                0x00000000000001f2       0x34 Core/Src/stm32f4xx_it.o
 .ARM.attributes
                0x0000000000000226       0x34 Core/Src/system_stm32f4xx.o
 .ARM.attributes
                0x000000000000025a       0x21 Core/Startup/startup_stm32f429zitx.o
 .ARM.attributes
                0x000000000000027b       0x34 Drivers/STM32F4xx_HAL_Driver/Src/stm32f4xx_hal.o
 .ARM.attributes
                0x00000000000002af       0x34 Drivers/STM32F4xx_HAL_Driver/Src/stm32f4xx_hal_cortex.o
 .ARM.attributes
                0x00000000000002e3       0x34 Drivers/STM32F4xx_HAL_Driver/Src/stm32f4xx_hal_dma.o
 .ARM.attributes
                0x0000000000000317       0x34 Drivers/STM32F4xx_HAL_Driver/Src/stm32f4xx_hal_gpio.o
 .ARM.attributes
                0x000000000000034b       0x34 Drivers/STM32F4xx_HAL_Driver/Src/stm32f4xx_hal_ltdc.o
 .ARM.attributes
                0x000000000000037f       0x34 Drivers/STM32F4xx_HAL_Driver/Src/stm32f4xx_hal_pwr_ex.o
 .ARM.attributes
                0x00000000000003b3       0x34 Drivers/STM32F4xx_HAL_Driver/Src/stm32f4xx_hal_rcc.o
 .ARM.attributes
                0x00000000000003e7       0x34 Drivers/STM32F4xx_HAL_Driver/Src/stm32f4xx_hal_rcc_ex.o
 .ARM.attributes
                0x000000000000041b       0x34 Drivers/STM32F4xx_HAL_Driver/Src/stm32f4xx_hal_rtc.o
 .ARM.attributes
                0x000000000000044f       0x34 Drivers/STM32F4xx_HAL_Driver/Src/stm32f4xx_hal_rtc_ex.o
 .ARM.attributes
                0x0000000000000483       0x34 Drivers/STM32F4xx_HAL_Driver/Src/stm32f4xx_hal_spi.o
 .ARM.attributes
                0x00000000000004b7       0x34 Drivers/STM32F4xx_HAL_Driver/Src/stm32f4xx_hal_tim.o
 .ARM.attributes
                0x00000000000004eb       0x34 Drivers/STM32F4xx_HAL_Driver/Src/stm32f4xx_hal_tim_ex.o
 .ARM.attributes
                0x000000000000051f       0x34 Drivers/STM32F4xx_HAL_Driver/Src/stm32f4xx_hal_uart.o
 .ARM.attributes
                0x0000000000000553       0x34 c:/st/stm32cubeide_1.5.1/stm32cubeide/plugins/com.st.stm32cube.ide.mcu.externaltools.gnu-tools-for-stm32.9-2020-q2-update.win32_1.5.0.202011040924/tools/bin/../lib/gcc/arm-none-eabi/9.3.1/../../../../arm-none-eabi/lib/thumb/v7e-m+fp/hard\libc_nano.a(lib_a-init.o)
 .ARM.attributes
                0x0000000000000587       0x34 c:/st/stm32cubeide_1.5.1/stm32cubeide/plugins/com.st.stm32cube.ide.mcu.externaltools.gnu-tools-for-stm32.9-2020-q2-update.win32_1.5.0.202011040924/tools/bin/../lib/gcc/arm-none-eabi/9.3.1/../../../../arm-none-eabi/lib/thumb/v7e-m+fp/hard\libc_nano.a(lib_a-memset.o)
 .ARM.attributes
                0x00000000000005bb       0x34 c:/st/stm32cubeide_1.5.1/stm32cubeide/plugins/com.st.stm32cube.ide.mcu.externaltools.gnu-tools-for-stm32.9-2020-q2-update.win32_1.5.0.202011040924/tools/bin/../lib/gcc/arm-none-eabi/9.3.1/../../../../arm-none-eabi/lib/thumb/v7e-m+fp/hard\libc_nano.a(lib_a-strcat.o)
 .ARM.attributes
                0x00000000000005ef       0x17 c:/st/stm32cubeide_1.5.1/stm32cubeide/plugins/com.st.stm32cube.ide.mcu.externaltools.gnu-tools-for-stm32.9-2020-q2-update.win32_1.5.0.202011040924/tools/bin/../lib/gcc/arm-none-eabi/9.3.1/../../../../arm-none-eabi/lib/thumb/v7e-m+fp/hard\libc_nano.a(lib_a-strlen.o)
 .ARM.attributes
                0x0000000000000606       0x34 c:/st/stm32cubeide_1.5.1/stm32cubeide/plugins/com.st.stm32cube.ide.mcu.externaltools.gnu-tools-for-stm32.9-2020-q2-update.win32_1.5.0.202011040924/tools/bin/../lib/gcc/arm-none-eabi/9.3.1/../../../../arm-none-eabi/lib/thumb/v7e-m+fp/hard\libc_nano.a(lib_a-strncpy.o)
 .ARM.attributes
                0x000000000000063a       0x1e c:/st/stm32cubeide_1.5.1/stm32cubeide/plugins/com.st.stm32cube.ide.mcu.externaltools.gnu-tools-for-stm32.9-2020-q2-update.win32_1.5.0.202011040924/tools/bin/../lib/gcc/arm-none-eabi/9.3.1/thumb/v7e-m+fp/hard\libgcc.a(_aeabi_uldivmod.o)
 .ARM.attributes
                0x0000000000000658       0x34 c:/st/stm32cubeide_1.5.1/stm32cubeide/plugins/com.st.stm32cube.ide.mcu.externaltools.gnu-tools-for-stm32.9-2020-q2-update.win32_1.5.0.202011040924/tools/bin/../lib/gcc/arm-none-eabi/9.3.1/thumb/v7e-m+fp/hard\libgcc.a(_udivmoddi4.o)
 .ARM.attributes
                0x000000000000068c       0x1e c:/st/stm32cubeide_1.5.1/stm32cubeide/plugins/com.st.stm32cube.ide.mcu.externaltools.gnu-tools-for-stm32.9-2020-q2-update.win32_1.5.0.202011040924/tools/bin/../lib/gcc/arm-none-eabi/9.3.1/thumb/v7e-m+fp/hard\libgcc.a(_dvmd_tls.o)
 .ARM.attributes
                0x00000000000006aa       0x1e c:/st/stm32cubeide_1.5.1/stm32cubeide/plugins/com.st.stm32cube.ide.mcu.externaltools.gnu-tools-for-stm32.9-2020-q2-update.win32_1.5.0.202011040924/tools/bin/../lib/gcc/arm-none-eabi/9.3.1/thumb/v7e-m+fp/hard/crtn.o
OUTPUT(CombineCode.elf elf32-littlearm)
LOAD linker stubs
LOAD c:/st/stm32cubeide_1.5.1/stm32cubeide/plugins/com.st.stm32cube.ide.mcu.externaltools.gnu-tools-for-stm32.9-2020-q2-update.win32_1.5.0.202011040924/tools/bin/../lib/gcc/arm-none-eabi/9.3.1/../../../../arm-none-eabi/lib/thumb/v7e-m+fp/hard\libc.a
LOAD c:/st/stm32cubeide_1.5.1/stm32cubeide/plugins/com.st.stm32cube.ide.mcu.externaltools.gnu-tools-for-stm32.9-2020-q2-update.win32_1.5.0.202011040924/tools/bin/../lib/gcc/arm-none-eabi/9.3.1/../../../../arm-none-eabi/lib/thumb/v7e-m+fp/hard\libm.a
LOAD c:/st/stm32cubeide_1.5.1/stm32cubeide/plugins/com.st.stm32cube.ide.mcu.externaltools.gnu-tools-for-stm32.9-2020-q2-update.win32_1.5.0.202011040924/tools/bin/../lib/gcc/arm-none-eabi/9.3.1/thumb/v7e-m+fp/hard\libgcc.a

.debug_info     0x0000000000000000    0x19227
 .debug_info    0x0000000000000000     0x19c2 Core/Src/graphic.o
 .debug_info    0x00000000000019c2     0x1852 Core/Src/lcd.o
 .debug_info    0x0000000000003214      0x9e7 Core/Src/ltdc.o
 .debug_info    0x0000000000003bfb     0x295d Core/Src/main.o
 .debug_info    0x0000000000006558     0x127b Core/Src/mylibrary.o
 .debug_info    0x00000000000077d3      0xb0f Core/Src/screens.o
 .debug_info    0x00000000000082e2      0xa70 Core/Src/spi.o
 .debug_info    0x0000000000008d52     0x12ff Core/Src/stm32f4xx_hal_msp.o
 .debug_info    0x000000000000a051     0x169a Core/Src/stm32f4xx_it.o
 .debug_info    0x000000000000b6eb      0x5c0 Core/Src/system_stm32f4xx.o
 .debug_info    0x000000000000bcab       0x22 Core/Startup/startup_stm32f429zitx.o
 .debug_info    0x000000000000bccd      0xa2a Drivers/STM32F4xx_HAL_Driver/Src/stm32f4xx_hal.o
 .debug_info    0x000000000000c6f7      0xf0d Drivers/STM32F4xx_HAL_Driver/Src/stm32f4xx_hal_cortex.o
 .debug_info    0x000000000000d604      0x9f1 Drivers/STM32F4xx_HAL_Driver/Src/stm32f4xx_hal_dma.o
 .debug_info    0x000000000000dff5      0x84a Drivers/STM32F4xx_HAL_Driver/Src/stm32f4xx_hal_gpio.o
 .debug_info    0x000000000000e83f     0x121e Drivers/STM32F4xx_HAL_Driver/Src/stm32f4xx_hal_ltdc.o
 .debug_info    0x000000000000fa5d      0x7ae Drivers/STM32F4xx_HAL_Driver/Src/stm32f4xx_hal_pwr_ex.o
 .debug_info    0x000000000001020b      0x9b2 Drivers/STM32F4xx_HAL_Driver/Src/stm32f4xx_hal_rcc.o
 .debug_info    0x0000000000010bbd      0x723 Drivers/STM32F4xx_HAL_Driver/Src/stm32f4xx_hal_rcc_ex.o
 .debug_info    0x00000000000112e0      0xc75 Drivers/STM32F4xx_HAL_Driver/Src/stm32f4xx_hal_rtc.o
 .debug_info    0x0000000000011f55      0xfdb Drivers/STM32F4xx_HAL_Driver/Src/stm32f4xx_hal_rtc_ex.o
 .debug_info    0x0000000000012f30     0x1674 Drivers/STM32F4xx_HAL_Driver/Src/stm32f4xx_hal_spi.o
 .debug_info    0x00000000000145a4     0x26cd Drivers/STM32F4xx_HAL_Driver/Src/stm32f4xx_hal_tim.o
 .debug_info    0x0000000000016c71     0x125f Drivers/STM32F4xx_HAL_Driver/Src/stm32f4xx_hal_tim_ex.o
 .debug_info    0x0000000000017ed0     0x1357 Drivers/STM32F4xx_HAL_Driver/Src/stm32f4xx_hal_uart.o

.debug_abbrev   0x0000000000000000     0x3441
 .debug_abbrev  0x0000000000000000      0x18e Core/Src/graphic.o
 .debug_abbrev  0x000000000000018e      0x277 Core/Src/lcd.o
 .debug_abbrev  0x0000000000000405      0x193 Core/Src/ltdc.o
 .debug_abbrev  0x0000000000000598      0x387 Core/Src/main.o
 .debug_abbrev  0x000000000000091f      0x2b7 Core/Src/mylibrary.o
 .debug_abbrev  0x0000000000000bd6      0x241 Core/Src/screens.o
 .debug_abbrev  0x0000000000000e17      0x1bb Core/Src/spi.o
 .debug_abbrev  0x0000000000000fd2      0x1c8 Core/Src/stm32f4xx_hal_msp.o
 .debug_abbrev  0x000000000000119a      0x20f Core/Src/stm32f4xx_it.o
 .debug_abbrev  0x00000000000013a9      0x145 Core/Src/system_stm32f4xx.o
 .debug_abbrev  0x00000000000014ee       0x12 Core/Startup/startup_stm32f429zitx.o
 .debug_abbrev  0x0000000000001500      0x1ed Drivers/STM32F4xx_HAL_Driver/Src/stm32f4xx_hal.o
 .debug_abbrev  0x00000000000016ed      0x33c Drivers/STM32F4xx_HAL_Driver/Src/stm32f4xx_hal_cortex.o
 .debug_abbrev  0x0000000000001a29      0x259 Drivers/STM32F4xx_HAL_Driver/Src/stm32f4xx_hal_dma.o
 .debug_abbrev  0x0000000000001c82      0x1f1 Drivers/STM32F4xx_HAL_Driver/Src/stm32f4xx_hal_gpio.o
 .debug_abbrev  0x0000000000001e73      0x260 Drivers/STM32F4xx_HAL_Driver/Src/stm32f4xx_hal_ltdc.o
 .debug_abbrev  0x00000000000020d3      0x1da Drivers/STM32F4xx_HAL_Driver/Src/stm32f4xx_hal_pwr_ex.o
 .debug_abbrev  0x00000000000022ad      0x275 Drivers/STM32F4xx_HAL_Driver/Src/stm32f4xx_hal_rcc.o
 .debug_abbrev  0x0000000000002522      0x18f Drivers/STM32F4xx_HAL_Driver/Src/stm32f4xx_hal_rcc_ex.o
 .debug_abbrev  0x00000000000026b1      0x1e4 Drivers/STM32F4xx_HAL_Driver/Src/stm32f4xx_hal_rtc.o
 .debug_abbrev  0x0000000000002895      0x213 Drivers/STM32F4xx_HAL_Driver/Src/stm32f4xx_hal_rtc_ex.o
 .debug_abbrev  0x0000000000002aa8      0x27f Drivers/STM32F4xx_HAL_Driver/Src/stm32f4xx_hal_spi.o
 .debug_abbrev  0x0000000000002d27      0x25e Drivers/STM32F4xx_HAL_Driver/Src/stm32f4xx_hal_tim.o
 .debug_abbrev  0x0000000000002f85      0x24c Drivers/STM32F4xx_HAL_Driver/Src/stm32f4xx_hal_tim_ex.o
 .debug_abbrev  0x00000000000031d1      0x270 Drivers/STM32F4xx_HAL_Driver/Src/stm32f4xx_hal_uart.o

.debug_aranges  0x0000000000000000     0x1498
 .debug_aranges
                0x0000000000000000      0x168 Core/Src/graphic.o
 .debug_aranges
                0x0000000000000168       0x70 Core/Src/lcd.o
 .debug_aranges
                0x00000000000001d8       0x30 Core/Src/ltdc.o
 .debug_aranges
                0x0000000000000208       0xa0 Core/Src/main.o
 .debug_aranges
                0x00000000000002a8       0x48 Core/Src/mylibrary.o
 .debug_aranges
                0x00000000000002f0       0x50 Core/Src/screens.o
 .debug_aranges
                0x0000000000000340       0x30 Core/Src/spi.o
 .debug_aranges
                0x0000000000000370       0x50 Core/Src/stm32f4xx_hal_msp.o
 .debug_aranges
                0x00000000000003c0       0x78 Core/Src/stm32f4xx_it.o
 .debug_aranges
                0x0000000000000438       0x28 Core/Src/system_stm32f4xx.o
 .debug_aranges
                0x0000000000000460       0x28 Core/Startup/startup_stm32f429zitx.o
 .debug_aranges
                0x0000000000000488      0x100 Drivers/STM32F4xx_HAL_Driver/Src/stm32f4xx_hal.o
 .debug_aranges
                0x0000000000000588      0x118 Drivers/STM32F4xx_HAL_Driver/Src/stm32f4xx_hal_cortex.o
 .debug_aranges
                0x00000000000006a0       0x90 Drivers/STM32F4xx_HAL_Driver/Src/stm32f4xx_hal_dma.o
 .debug_aranges
                0x0000000000000730       0x58 Drivers/STM32F4xx_HAL_Driver/Src/stm32f4xx_hal_gpio.o
 .debug_aranges
                0x0000000000000788      0x158 Drivers/STM32F4xx_HAL_Driver/Src/stm32f4xx_hal_ltdc.o
 .debug_aranges
                0x00000000000008e0       0x60 Drivers/STM32F4xx_HAL_Driver/Src/stm32f4xx_hal_pwr_ex.o
 .debug_aranges
                0x0000000000000940       0x88 Drivers/STM32F4xx_HAL_Driver/Src/stm32f4xx_hal_rcc.o
 .debug_aranges
                0x00000000000009c8       0x58 Drivers/STM32F4xx_HAL_Driver/Src/stm32f4xx_hal_rcc_ex.o
 .debug_aranges
                0x0000000000000a20       0xb8 Drivers/STM32F4xx_HAL_Driver/Src/stm32f4xx_hal_rtc.o
 .debug_aranges
                0x0000000000000ad8      0x130 Drivers/STM32F4xx_HAL_Driver/Src/stm32f4xx_hal_rtc_ex.o
 .debug_aranges
                0x0000000000000c08      0x1c8 Drivers/STM32F4xx_HAL_Driver/Src/stm32f4xx_hal_spi.o
 .debug_aranges
                0x0000000000000dd0      0x3a8 Drivers/STM32F4xx_HAL_Driver/Src/stm32f4xx_hal_tim.o
 .debug_aranges
                0x0000000000001178      0x150 Drivers/STM32F4xx_HAL_Driver/Src/stm32f4xx_hal_tim_ex.o
 .debug_aranges
                0x00000000000012c8      0x1d0 Drivers/STM32F4xx_HAL_Driver/Src/stm32f4xx_hal_uart.o

.debug_ranges   0x0000000000000000     0x1310
 .debug_ranges  0x0000000000000000      0x158 Core/Src/graphic.o
 .debug_ranges  0x0000000000000158       0x60 Core/Src/lcd.o
 .debug_ranges  0x00000000000001b8       0x20 Core/Src/ltdc.o
 .debug_ranges  0x00000000000001d8       0x90 Core/Src/main.o
 .debug_ranges  0x0000000000000268       0x38 Core/Src/mylibrary.o
 .debug_ranges  0x00000000000002a0       0x40 Core/Src/screens.o
 .debug_ranges  0x00000000000002e0       0x20 Core/Src/spi.o
 .debug_ranges  0x0000000000000300       0x40 Core/Src/stm32f4xx_hal_msp.o
 .debug_ranges  0x0000000000000340       0x68 Core/Src/stm32f4xx_it.o
 .debug_ranges  0x00000000000003a8       0x18 Core/Src/system_stm32f4xx.o
 .debug_ranges  0x00000000000003c0       0x20 Core/Startup/startup_stm32f429zitx.o
 .debug_ranges  0x00000000000003e0       0xf0 Drivers/STM32F4xx_HAL_Driver/Src/stm32f4xx_hal.o
 .debug_ranges  0x00000000000004d0      0x108 Drivers/STM32F4xx_HAL_Driver/Src/stm32f4xx_hal_cortex.o
 .debug_ranges  0x00000000000005d8       0x80 Drivers/STM32F4xx_HAL_Driver/Src/stm32f4xx_hal_dma.o
 .debug_ranges  0x0000000000000658       0x48 Drivers/STM32F4xx_HAL_Driver/Src/stm32f4xx_hal_gpio.o
 .debug_ranges  0x00000000000006a0      0x148 Drivers/STM32F4xx_HAL_Driver/Src/stm32f4xx_hal_ltdc.o
 .debug_ranges  0x00000000000007e8       0x50 Drivers/STM32F4xx_HAL_Driver/Src/stm32f4xx_hal_pwr_ex.o
 .debug_ranges  0x0000000000000838       0x78 Drivers/STM32F4xx_HAL_Driver/Src/stm32f4xx_hal_rcc.o
 .debug_ranges  0x00000000000008b0       0x48 Drivers/STM32F4xx_HAL_Driver/Src/stm32f4xx_hal_rcc_ex.o
 .debug_ranges  0x00000000000008f8       0xa8 Drivers/STM32F4xx_HAL_Driver/Src/stm32f4xx_hal_rtc.o
 .debug_ranges  0x00000000000009a0      0x120 Drivers/STM32F4xx_HAL_Driver/Src/stm32f4xx_hal_rtc_ex.o
 .debug_ranges  0x0000000000000ac0      0x1b8 Drivers/STM32F4xx_HAL_Driver/Src/stm32f4xx_hal_spi.o
 .debug_ranges  0x0000000000000c78      0x398 Drivers/STM32F4xx_HAL_Driver/Src/stm32f4xx_hal_tim.o
 .debug_ranges  0x0000000000001010      0x140 Drivers/STM32F4xx_HAL_Driver/Src/stm32f4xx_hal_tim_ex.o
 .debug_ranges  0x0000000000001150      0x1c0 Drivers/STM32F4xx_HAL_Driver/Src/stm32f4xx_hal_uart.o

.debug_macro    0x0000000000000000     0x4766
 .debug_macro   0x0000000000000000      0x223 Core/Src/graphic.o
 .debug_macro   0x0000000000000223       0x2e Core/Src/graphic.o
 .debug_macro   0x0000000000000251      0x3dd Core/Src/lcd.o
 .debug_macro   0x000000000000062e      0x1fc Core/Src/lcd.o
 .debug_macro   0x000000000000082a       0x52 Core/Src/lcd.o
 .debug_macro   0x000000000000087c       0x18 Core/Src/lcd.o
 .debug_macro   0x0000000000000894       0x3c Core/Src/lcd.o
 .debug_macro   0x00000000000008d0       0x34 Core/Src/lcd.o
 .debug_macro   0x0000000000000904       0x16 Core/Src/lcd.o
 .debug_macro   0x000000000000091a       0x35 Core/Src/lcd.o
 .debug_macro   0x000000000000094f      0x333 Core/Src/lcd.o
 .debug_macro   0x0000000000000c82       0x10 Core/Src/lcd.o
 .debug_macro   0x0000000000000c92       0x16 Core/Src/lcd.o
 .debug_macro   0x0000000000000ca8       0x43 Core/Src/lcd.o
 .debug_macro   0x0000000000000ceb       0x34 Core/Src/lcd.o
 .debug_macro   0x0000000000000d1f       0x10 Core/Src/lcd.o
 .debug_macro   0x0000000000000d2f       0x58 Core/Src/lcd.o
 .debug_macro   0x0000000000000d87       0x71 Core/Src/lcd.o
 .debug_macro   0x0000000000000df8       0x1c Core/Src/lcd.o
 .debug_macro   0x0000000000000e14      0x12a Core/Src/lcd.o
 .debug_macro   0x0000000000000f3e       0x10 Core/Src/lcd.o
 .debug_macro   0x0000000000000f4e       0x1c Core/Src/lcd.o
 .debug_macro   0x0000000000000f6a       0x52 Core/Src/lcd.o
 .debug_macro   0x0000000000000fbc       0x22 Core/Src/lcd.o
 .debug_macro   0x0000000000000fde       0x10 Core/Src/lcd.o
 .debug_macro   0x0000000000000fee       0x40 Core/Src/lcd.o
 .debug_macro   0x000000000000102e       0xd5 Core/Src/lcd.o
 .debug_macro   0x0000000000001103       0x1c Core/Src/lcd.o
 .debug_macro   0x000000000000111f       0x3d Core/Src/lcd.o
 .debug_macro   0x000000000000115c       0x16 Core/Src/lcd.o
 .debug_macro   0x0000000000001172      0x145 Core/Src/lcd.o
 .debug_macro   0x00000000000012b7       0x16 Core/Src/lcd.o
 .debug_macro   0x00000000000012cd       0x20 Core/Src/lcd.o
 .debug_macro   0x00000000000012ed      0x224 Core/Src/ltdc.o
 .debug_macro   0x0000000000001511      0x426 Core/Src/main.o
 .debug_macro   0x0000000000001937       0x10 Core/Src/main.o
 .debug_macro   0x0000000000001947       0x1c Core/Src/main.o
 .debug_macro   0x0000000000001963       0x16 Core/Src/main.o
 .debug_macro   0x0000000000001979       0x16 Core/Src/main.o
 .debug_macro   0x000000000000198f       0x29 Core/Src/main.o
 .debug_macro   0x00000000000019b8      0x3e7 Core/Src/mylibrary.o
 .debug_macro   0x0000000000001d9f      0x2fb Core/Src/screens.o
 .debug_macro   0x000000000000209a      0x224 Core/Src/spi.o
 .debug_macro   0x00000000000022be      0x21a Core/Src/stm32f4xx_hal_msp.o
 .debug_macro   0x00000000000024d8      0x300 Core/Src/stm32f4xx_it.o
 .debug_macro   0x00000000000027d8      0x211 Core/Src/system_stm32f4xx.o
 .debug_macro   0x00000000000029e9      0x26b Drivers/STM32F4xx_HAL_Driver/Src/stm32f4xx_hal.o
 .debug_macro   0x0000000000002c54      0x20b Drivers/STM32F4xx_HAL_Driver/Src/stm32f4xx_hal_cortex.o
 .debug_macro   0x0000000000002e5f      0x211 Drivers/STM32F4xx_HAL_Driver/Src/stm32f4xx_hal_dma.o
 .debug_macro   0x0000000000003070      0x241 Drivers/STM32F4xx_HAL_Driver/Src/stm32f4xx_hal_gpio.o
 .debug_macro   0x00000000000032b1      0x20b Drivers/STM32F4xx_HAL_Driver/Src/stm32f4xx_hal_ltdc.o
 .debug_macro   0x00000000000034bc      0x223 Drivers/STM32F4xx_HAL_Driver/Src/stm32f4xx_hal_pwr_ex.o
 .debug_macro   0x00000000000036df      0x22f Drivers/STM32F4xx_HAL_Driver/Src/stm32f4xx_hal_rcc.o
 .debug_macro   0x000000000000390e      0x20b Drivers/STM32F4xx_HAL_Driver/Src/stm32f4xx_hal_rcc_ex.o
 .debug_macro   0x0000000000003b19      0x20c Drivers/STM32F4xx_HAL_Driver/Src/stm32f4xx_hal_rtc.o
 .debug_macro   0x0000000000003d25      0x20b Drivers/STM32F4xx_HAL_Driver/Src/stm32f4xx_hal_rtc_ex.o
 .debug_macro   0x0000000000003f30      0x213 Drivers/STM32F4xx_HAL_Driver/Src/stm32f4xx_hal_spi.o
 .debug_macro   0x0000000000004143      0x20c Drivers/STM32F4xx_HAL_Driver/Src/stm32f4xx_hal_tim.o
 .debug_macro   0x000000000000434f      0x20b Drivers/STM32F4xx_HAL_Driver/Src/stm32f4xx_hal_tim_ex.o
 .debug_macro   0x000000000000455a      0x20c Drivers/STM32F4xx_HAL_Driver/Src/stm32f4xx_hal_uart.o

.debug_line     0x0000000000000000    0x17de2
 .debug_line    0x0000000000000000     0x1fbd Core/Src/graphic.o
 .debug_line    0x0000000000001fbd      0xbb2 Core/Src/lcd.o
 .debug_line    0x0000000000002b6f      0x854 Core/Src/ltdc.o
 .debug_line    0x00000000000033c3      0xda2 Core/Src/main.o
 .debug_line    0x0000000000004165      0xcae Core/Src/mylibrary.o
 .debug_line    0x0000000000004e13      0xb62 Core/Src/screens.o
 .debug_line    0x0000000000005975      0x7b2 Core/Src/spi.o
 .debug_line    0x0000000000006127      0x808 Core/Src/stm32f4xx_hal_msp.o
 .debug_line    0x000000000000692f      0x9de Core/Src/stm32f4xx_it.o
 .debug_line    0x000000000000730d      0x7c9 Core/Src/system_stm32f4xx.o
 .debug_line    0x0000000000007ad6       0x85 Core/Startup/startup_stm32f429zitx.o
 .debug_line    0x0000000000007b5b      0xa5f Drivers/STM32F4xx_HAL_Driver/Src/stm32f4xx_hal.o
 .debug_line    0x00000000000085ba      0xcd8 Drivers/STM32F4xx_HAL_Driver/Src/stm32f4xx_hal_cortex.o
 .debug_line    0x0000000000009292      0xf92 Drivers/STM32F4xx_HAL_Driver/Src/stm32f4xx_hal_dma.o
 .debug_line    0x000000000000a224      0xbd9 Drivers/STM32F4xx_HAL_Driver/Src/stm32f4xx_hal_gpio.o
 .debug_line    0x000000000000adfd     0x175e Drivers/STM32F4xx_HAL_Driver/Src/stm32f4xx_hal_ltdc.o
 .debug_line    0x000000000000c55b      0x958 Drivers/STM32F4xx_HAL_Driver/Src/stm32f4xx_hal_pwr_ex.o
 .debug_line    0x000000000000ceb3      0xd8c Drivers/STM32F4xx_HAL_Driver/Src/stm32f4xx_hal_rcc.o
 .debug_line    0x000000000000dc3f      0xbfa Drivers/STM32F4xx_HAL_Driver/Src/stm32f4xx_hal_rcc_ex.o
 .debug_line    0x000000000000e839     0x10ff Drivers/STM32F4xx_HAL_Driver/Src/stm32f4xx_hal_rtc.o
 .debug_line    0x000000000000f938     0x150b Drivers/STM32F4xx_HAL_Driver/Src/stm32f4xx_hal_rtc_ex.o
 .debug_line    0x0000000000010e43     0x1b3e Drivers/STM32F4xx_HAL_Driver/Src/stm32f4xx_hal_spi.o
 .debug_line    0x0000000000012981     0x2a06 Drivers/STM32F4xx_HAL_Driver/Src/stm32f4xx_hal_tim.o
 .debug_line    0x0000000000015387     0x121a Drivers/STM32F4xx_HAL_Driver/Src/stm32f4xx_hal_tim_ex.o
 .debug_line    0x00000000000165a1     0x1841 Drivers/STM32F4xx_HAL_Driver/Src/stm32f4xx_hal_uart.o

.debug_str      0x0000000000000000    0xe2d2f
 .debug_str     0x0000000000000000    0xd8ed9 Core/Src/graphic.o
                                      0xd9163 (size before relaxing)
 .debug_str     0x00000000000d8ed9     0x4f06 Core/Src/lcd.o
                                      0xddf2c (size before relaxing)
 .debug_str     0x00000000000ddddf       0x8f Core/Src/ltdc.o
                                      0xd9334 (size before relaxing)
 .debug_str     0x00000000000dde6e      0xfba Core/Src/main.o
                                      0xde903 (size before relaxing)
 .debug_str     0x00000000000dee28       0xa4 Core/Src/mylibrary.o
                                      0xdd5bd (size before relaxing)
 .debug_str     0x00000000000deecc       0x7c Core/Src/screens.o
                                      0xdc17d (size before relaxing)
 .debug_str     0x00000000000def48       0x4b Core/Src/spi.o
                                      0xd9498 (size before relaxing)
 .debug_str     0x00000000000def93       0xae Core/Src/stm32f4xx_hal_msp.o
                                      0xd9db2 (size before relaxing)
 .debug_str     0x00000000000df041       0xe6 Core/Src/stm32f4xx_it.o
                                      0xdc98f (size before relaxing)
 .debug_str     0x00000000000df127       0xc4 Core/Src/system_stm32f4xx.o
                                      0xd8f8b (size before relaxing)
 .debug_str     0x00000000000df1eb       0x36 Core/Startup/startup_stm32f429zitx.o
                                         0x65 (size before relaxing)
 .debug_str     0x00000000000df221      0x5c8 Drivers/STM32F4xx_HAL_Driver/Src/stm32f4xx_hal.o
                                      0xd9af7 (size before relaxing)
 .debug_str     0x00000000000df7e9      0x399 Drivers/STM32F4xx_HAL_Driver/Src/stm32f4xx_hal_cortex.o
                                      0xd9898 (size before relaxing)
 .debug_str     0x00000000000dfb82      0x31d Drivers/STM32F4xx_HAL_Driver/Src/stm32f4xx_hal_dma.o
                                      0xd938d (size before relaxing)
 .debug_str     0x00000000000dfe9f      0x20c Drivers/STM32F4xx_HAL_Driver/Src/stm32f4xx_hal_gpio.o
                                      0xd91ca (size before relaxing)
 .debug_str     0x00000000000e00ab      0x4a3 Drivers/STM32F4xx_HAL_Driver/Src/stm32f4xx_hal_ltdc.o
                                      0xd95d1 (size before relaxing)
 .debug_str     0x00000000000e054e      0x135 Drivers/STM32F4xx_HAL_Driver/Src/stm32f4xx_hal_pwr_ex.o
                                      0xd916e (size before relaxing)
 .debug_str     0x00000000000e0683      0x259 Drivers/STM32F4xx_HAL_Driver/Src/stm32f4xx_hal_rcc.o
                                      0xd9378 (size before relaxing)
 .debug_str     0x00000000000e08dc      0x145 Drivers/STM32F4xx_HAL_Driver/Src/stm32f4xx_hal_rcc_ex.o
                                      0xd9169 (size before relaxing)
 .debug_str     0x00000000000e0a21      0x1ac Drivers/STM32F4xx_HAL_Driver/Src/stm32f4xx_hal_rtc.o
                                      0xd9325 (size before relaxing)
 .debug_str     0x00000000000e0bcd      0x56f Drivers/STM32F4xx_HAL_Driver/Src/stm32f4xx_hal_rtc_ex.o
                                      0xd966b (size before relaxing)
 .debug_str     0x00000000000e113c      0x4f3 Drivers/STM32F4xx_HAL_Driver/Src/stm32f4xx_hal_spi.o
                                      0xd9761 (size before relaxing)
 .debug_str     0x00000000000e162f      0xd60 Drivers/STM32F4xx_HAL_Driver/Src/stm32f4xx_hal_tim.o
                                      0xda084 (size before relaxing)
 .debug_str     0x00000000000e238f      0x4a2 Drivers/STM32F4xx_HAL_Driver/Src/stm32f4xx_hal_tim_ex.o
                                      0xd9884 (size before relaxing)
 .debug_str     0x00000000000e2831      0x4fe Drivers/STM32F4xx_HAL_Driver/Src/stm32f4xx_hal_uart.o
                                      0xd97c4 (size before relaxing)

.comment        0x0000000000000000       0x53
 .comment       0x0000000000000000       0x53 Core/Src/graphic.o
                                         0x54 (size before relaxing)
 .comment       0x0000000000000053       0x54 Core/Src/lcd.o
 .comment       0x0000000000000053       0x54 Core/Src/ltdc.o
 .comment       0x0000000000000053       0x54 Core/Src/main.o
 .comment       0x0000000000000053       0x54 Core/Src/mylibrary.o
 .comment       0x0000000000000053       0x54 Core/Src/screens.o
 .comment       0x0000000000000053       0x54 Core/Src/spi.o
 .comment       0x0000000000000053       0x54 Core/Src/stm32f4xx_hal_msp.o
 .comment       0x0000000000000053       0x54 Core/Src/stm32f4xx_it.o
 .comment       0x0000000000000053       0x54 Core/Src/system_stm32f4xx.o
 .comment       0x0000000000000053       0x54 Drivers/STM32F4xx_HAL_Driver/Src/stm32f4xx_hal.o
 .comment       0x0000000000000053       0x54 Drivers/STM32F4xx_HAL_Driver/Src/stm32f4xx_hal_cortex.o
 .comment       0x0000000000000053       0x54 Drivers/STM32F4xx_HAL_Driver/Src/stm32f4xx_hal_dma.o
 .comment       0x0000000000000053       0x54 Drivers/STM32F4xx_HAL_Driver/Src/stm32f4xx_hal_gpio.o
 .comment       0x0000000000000053       0x54 Drivers/STM32F4xx_HAL_Driver/Src/stm32f4xx_hal_ltdc.o
 .comment       0x0000000000000053       0x54 Drivers/STM32F4xx_HAL_Driver/Src/stm32f4xx_hal_pwr_ex.o
 .comment       0x0000000000000053       0x54 Drivers/STM32F4xx_HAL_Driver/Src/stm32f4xx_hal_rcc.o
 .comment       0x0000000000000053       0x54 Drivers/STM32F4xx_HAL_Driver/Src/stm32f4xx_hal_rcc_ex.o
 .comment       0x0000000000000053       0x54 Drivers/STM32F4xx_HAL_Driver/Src/stm32f4xx_hal_rtc.o
 .comment       0x0000000000000053       0x54 Drivers/STM32F4xx_HAL_Driver/Src/stm32f4xx_hal_rtc_ex.o
 .comment       0x0000000000000053       0x54 Drivers/STM32F4xx_HAL_Driver/Src/stm32f4xx_hal_spi.o
 .comment       0x0000000000000053       0x54 Drivers/STM32F4xx_HAL_Driver/Src/stm32f4xx_hal_tim.o
 .comment       0x0000000000000053       0x54 Drivers/STM32F4xx_HAL_Driver/Src/stm32f4xx_hal_tim_ex.o
 .comment       0x0000000000000053       0x54 Drivers/STM32F4xx_HAL_Driver/Src/stm32f4xx_hal_uart.o

.debug_frame    0x0000000000000000     0x55fc
 .debug_frame   0x0000000000000000      0x60c Core/Src/graphic.o
 .debug_frame   0x000000000000060c      0x188 Core/Src/lcd.o
 .debug_frame   0x0000000000000794       0x7c Core/Src/ltdc.o
 .debug_frame   0x0000000000000810      0x22c Core/Src/main.o
 .debug_frame   0x0000000000000a3c       0xf0 Core/Src/mylibrary.o
 .debug_frame   0x0000000000000b2c       0xe8 Core/Src/screens.o
 .debug_frame   0x0000000000000c14       0x74 Core/Src/spi.o
 .debug_frame   0x0000000000000c88      0x110 Core/Src/stm32f4xx_hal_msp.o
 .debug_frame   0x0000000000000d98      0x158 Core/Src/stm32f4xx_it.o
 .debug_frame   0x0000000000000ef0       0x58 Core/Src/system_stm32f4xx.o
 .debug_frame   0x0000000000000f48      0x3b4 Drivers/STM32F4xx_HAL_Driver/Src/stm32f4xx_hal.o
 .debug_frame   0x00000000000012fc      0x498 Drivers/STM32F4xx_HAL_Driver/Src/stm32f4xx_hal_cortex.o
 .debug_frame   0x0000000000001794      0x250 Drivers/STM32F4xx_HAL_Driver/Src/stm32f4xx_hal_dma.o
 .debug_frame   0x00000000000019e4      0x14c Drivers/STM32F4xx_HAL_Driver/Src/stm32f4xx_hal_gpio.o
 .debug_frame   0x0000000000001b30      0x61c Drivers/STM32F4xx_HAL_Driver/Src/stm32f4xx_hal_ltdc.o
 .debug_frame   0x000000000000214c      0x14c Drivers/STM32F4xx_HAL_Driver/Src/stm32f4xx_hal_pwr_ex.o
 .debug_frame   0x0000000000002298      0x1ec Drivers/STM32F4xx_HAL_Driver/Src/stm32f4xx_hal_rcc.o
 .debug_frame   0x0000000000002484      0x13c Drivers/STM32F4xx_HAL_Driver/Src/stm32f4xx_hal_rcc_ex.o
 .debug_frame   0x00000000000025c0      0x308 Drivers/STM32F4xx_HAL_Driver/Src/stm32f4xx_hal_rtc.o
 .debug_frame   0x00000000000028c8      0x548 Drivers/STM32F4xx_HAL_Driver/Src/stm32f4xx_hal_rtc_ex.o
 .debug_frame   0x0000000000002e10      0x7fc Drivers/STM32F4xx_HAL_Driver/Src/stm32f4xx_hal_spi.o
 .debug_frame   0x000000000000360c     0x10f0 Drivers/STM32F4xx_HAL_Driver/Src/stm32f4xx_hal_tim.o
 .debug_frame   0x00000000000046fc      0x5c0 Drivers/STM32F4xx_HAL_Driver/Src/stm32f4xx_hal_tim_ex.o
 .debug_frame   0x0000000000004cbc      0x844 Drivers/STM32F4xx_HAL_Driver/Src/stm32f4xx_hal_uart.o
 .debug_frame   0x0000000000005500       0x2c c:/st/stm32cubeide_1.5.1/stm32cubeide/plugins/com.st.stm32cube.ide.mcu.externaltools.gnu-tools-for-stm32.9-2020-q2-update.win32_1.5.0.202011040924/tools/bin/../lib/gcc/arm-none-eabi/9.3.1/../../../../arm-none-eabi/lib/thumb/v7e-m+fp/hard\libc_nano.a(lib_a-init.o)
 .debug_frame   0x000000000000552c       0x20 c:/st/stm32cubeide_1.5.1/stm32cubeide/plugins/com.st.stm32cube.ide.mcu.externaltools.gnu-tools-for-stm32.9-2020-q2-update.win32_1.5.0.202011040924/tools/bin/../lib/gcc/arm-none-eabi/9.3.1/../../../../arm-none-eabi/lib/thumb/v7e-m+fp/hard\libc_nano.a(lib_a-memset.o)
 .debug_frame   0x000000000000554c       0x28 c:/st/stm32cubeide_1.5.1/stm32cubeide/plugins/com.st.stm32cube.ide.mcu.externaltools.gnu-tools-for-stm32.9-2020-q2-update.win32_1.5.0.202011040924/tools/bin/../lib/gcc/arm-none-eabi/9.3.1/../../../../arm-none-eabi/lib/thumb/v7e-m+fp/hard\libc_nano.a(lib_a-strcat.o)
 .debug_frame   0x0000000000005574       0x28 c:/st/stm32cubeide_1.5.1/stm32cubeide/plugins/com.st.stm32cube.ide.mcu.externaltools.gnu-tools-for-stm32.9-2020-q2-update.win32_1.5.0.202011040924/tools/bin/../lib/gcc/arm-none-eabi/9.3.1/../../../../arm-none-eabi/lib/thumb/v7e-m+fp/hard\libc_nano.a(lib_a-strncpy.o)
 .debug_frame   0x000000000000559c       0x2c c:/st/stm32cubeide_1.5.1/stm32cubeide/plugins/com.st.stm32cube.ide.mcu.externaltools.gnu-tools-for-stm32.9-2020-q2-update.win32_1.5.0.202011040924/tools/bin/../lib/gcc/arm-none-eabi/9.3.1/thumb/v7e-m+fp/hard\libgcc.a(_aeabi_uldivmod.o)
 .debug_frame   0x00000000000055c8       0x34 c:/st/stm32cubeide_1.5.1/stm32cubeide/plugins/com.st.stm32cube.ide.mcu.externaltools.gnu-tools-for-stm32.9-2020-q2-update.win32_1.5.0.202011040924/tools/bin/../lib/gcc/arm-none-eabi/9.3.1/thumb/v7e-m+fp/hard\libgcc.a(_udivmoddi4.o)
