main.c:93:5:main	8	static
main.c:167:6:get_time	40	static
main.c:181:9:check_time	16	static
main.c:198:6:set_alarm	64	static
main.c:264:6:set_time	40	static
main.c:298:6:SystemClock_Config	136	static
main.c:357:13:MX_RTC_Init	8	static
main.c:401:13:MX_TIM6_Init	16	static
main.c:439:13:MX_USART1_UART_Init	8	static
main.c:472:13:MX_GPIO_Init	48	static
main.c:502:6:Error_Handler	4	static,ignoring_inline_asm
main.c:513:6:initializeGPIONVIC	32	static
main.c:564:6:EXTI0_IRQHandler	8	static
main.c:586:6:EXTI1_IRQHandler	8	static
main.c:592:6:EXTI2_IRQHandler	8	static
main.c:598:6:EXTI3_IRQHandler	8	static
main.c:604:6:EXTI4_IRQHandler	8	static
