main.c:90:5:main	8	static
main.c:165:6:get_time	40	static
main.c:179:6:set_alarm	64	static
main.c:245:6:set_time	40	static
main.c:274:6:SystemClock_Config	136	static
main.c:333:13:MX_RTC_Init	8	static
main.c:377:13:MX_TIM6_Init	16	static
main.c:415:13:MX_USART1_UART_Init	8	static
main.c:448:13:MX_GPIO_Init	48	static
main.c:478:6:Error_Handler	4	static,ignoring_inline_asm
main.c:489:6:initializeGPIONVIC	32	static
main.c:540:6:EXTI0_IRQHandler	8	static
main.c:562:6:EXTI1_IRQHandler	8	static
main.c:568:6:EXTI2_IRQHandler	8	static
main.c:574:6:EXTI3_IRQHandler	8	static
main.c:580:6:EXTI4_IRQHandler	8	static
